Archive member included to satisfy reference by file (symbol)

c:/Espressif/ESP8266_SDK/lib\libmain.a(debug-vector.o)
                              (_DebugExceptionVector)
c:/Espressif/ESP8266_SDK/lib\libmain.a(double-vector.o)
                              (_DoubleExceptionVector)
c:/Espressif/ESP8266_SDK/lib\libmain.a(kernel-vector.o)
                              (_KernelExceptionVector)
c:/Espressif/ESP8266_SDK/lib\libmain.a(nmi-vector.o)
                              (_NMIExceptionVector)
c:/Espressif/ESP8266_SDK/lib\libmain.a(user-vector.o)
                              (_UserExceptionVector)
c:/Espressif/ESP8266_SDK/lib\libmain.a(vector.o)
                              (call_user_start)
c:/Espressif/ESP8266_SDK/lib\libmain.a(app_main.o)
                              c:/Espressif/ESP8266_SDK/lib\libmain.a(nmi-vector.o) (NMI_Handler)
c:/Espressif/ESP8266_SDK/lib\libmain.a(ets_timer.o)
                              c:/Espressif/ESP8266_SDK/lib\libmain.a(app_main.o) (ets_timer_setfn)
c:/Espressif/ESP8266_SDK/lib\libmain.a(mem_manager.o)
                              c:/Espressif/ESP8266_SDK/lib\libmain.a(app_main.o) (vPortFree)
c:/Espressif/ESP8266_SDK/lib\libmain.a(spi_flash.o)
                              c:/Espressif/ESP8266_SDK/lib\libmain.a(app_main.o) (spi_flash_get_id)
c:/Espressif/ESP8266_SDK/lib\libmain.a(user_interface.o)
                              c:/Espressif/ESP8266_SDK/lib\libmain.a(app_main.o) (done_cb)
c:/Espressif/ESP8266_SDK/lib\libmain.a(eagle_lib.o)
                              c:/Espressif/ESP8266_SDK/lib\libmain.a(user_interface.o) (ets_sprintf)
c:/Espressif/ESP8266_SDK/lib\libmain.a(eagle_lwip_if.o)
                              c:/Espressif/ESP8266_SDK/lib\libmain.a(user_interface.o) (hostname)
build/app_app.a(user_main.o)  c:/Espressif/ESP8266_SDK/lib\libmain.a(app_main.o) (user_rf_cal_sector_set)
build/app_app.a(wifi_connector.o)
                              build/app_app.a(user_main.o) (WifiConnectorInit())
build/app_app.a(userconfig.o)
                              build/app_app.a(wifi_connector.o) (g_Eeprom_Params)
build/app_app.a(uart.o)       build/app_app.a(user_main.o) (uart_init)
build/app_app.a(uartproto.o)  build/app_app.a(user_main.o) (UartTaskInit())
build/app_app.a(cpp_req.o)    build/app_app.a(user_main.o) (do_global_ctors())
build/app_app.a(sfifo.o)      build/app_app.a(wifi_connector.o) (fifo_init(fifo_t*, char*, int))
c:/espressif/xtensa-lx106-elf/bin/../lib/gcc/xtensa-lx106-elf/5.2.0/../../../../xtensa-lx106-elf/lib\libc.a(lib_a-memcpy.o)
                              build/app_app.a(wifi_connector.o) (memcpy)
c:/espressif/xtensa-lx106-elf/bin/../lib/gcc/xtensa-lx106-elf/5.2.0/../../../../xtensa-lx106-elf/lib\libc.a(lib_a-stpcpy.o)
                              build/app_app.a(wifi_connector.o) (stpcpy)
c:/espressif/xtensa-lx106-elf/bin/../lib/gcc/xtensa-lx106-elf/5.2.0/../../../../xtensa-lx106-elf/lib\libc.a(lib_a-strlen.o)
                              build/app_app.a(wifi_connector.o) (strlen)
c:/espressif/xtensa-lx106-elf/bin/../lib/gcc/xtensa-lx106-elf/5.2.0/../../../../xtensa-lx106-elf/lib\libhal.a(int_asm--set_intclear.o)
                              c:/Espressif/ESP8266_SDK/lib\libmain.a(app_main.o) (xthal_set_intclear)
c:/Espressif/ESP8266_SDK/lib\libphy.a(phy.o)
                              c:/Espressif/ESP8266_SDK/lib\libmain.a(app_main.o) (phy_enable_agc)
c:/Espressif/ESP8266_SDK/lib\libphy.a(phy_chip_v6_ana.o)
                              c:/Espressif/ESP8266_SDK/lib\libmain.a(app_main.o) (chip_v6_set_chan_offset)
c:/Espressif/ESP8266_SDK/lib\libphy.a(phy_chip_v6.o)
                              c:/Espressif/ESP8266_SDK/lib\libphy.a(phy_chip_v6_ana.o) (g_phyFuns)
c:/Espressif/ESP8266_SDK/lib\libphy.a(phy_chip_v6_cal.o)
                              c:/Espressif/ESP8266_SDK/lib\libphy.a(phy_chip_v6.o) (phy_tx_pwr_error)
c:/Espressif/ESP8266_SDK/lib\libphy.a(phy_chip_v6_unused.o)
                              c:/Espressif/ESP8266_SDK/lib\libphy.a(phy_chip_v6.o) (chip_v6_set_sense)
c:/Espressif/ESP8266_SDK/lib\libphy.a(phy_sleep.o)
                              c:/Espressif/ESP8266_SDK/lib\libphy.a(phy_chip_v6.o) (pm_set_sleep_cycles)
c:/Espressif/ESP8266_SDK/lib\libpp.a(if_hwctrl.o)
                              c:/Espressif/ESP8266_SDK/lib\libmain.a(user_interface.o) (ic_set_vif)
c:/Espressif/ESP8266_SDK/lib\libpp.a(lmac.o)
                              c:/Espressif/ESP8266_SDK/lib\libmain.a(app_main.o) (lmacInit)
c:/Espressif/ESP8266_SDK/lib\libpp.a(pm.o)
                              c:/Espressif/ESP8266_SDK/lib\libmain.a(user_interface.o) (pm_set_gpio_wakeup_pin)
c:/Espressif/ESP8266_SDK/lib\libpp.a(pm_for_bcn_only_mode.o)
                              c:/Espressif/ESP8266_SDK/lib\libpp.a(pm.o) (fpm_is_open)
c:/Espressif/ESP8266_SDK/lib\libpp.a(pp.o)
                              c:/Espressif/ESP8266_SDK/lib\libpp.a(pm.o) (pend_flag_noise_check)
c:/Espressif/ESP8266_SDK/lib\libpp.a(rate_control.o)
[...]
Memory Configuration

Name             Origin             Length             Attributes
dport0_0_seg     0x3ff00000         0x00000010
dram0_0_seg      0x3ffe8000         0x00014000
iram1_0_seg      0x40100000         0x00008000
irom0_0_seg      0x40210000         0x0005c000
*default*        0x00000000         0xffffffff

Linker script and memory map

START GROUP
LOAD c:/espressif/xtensa-lx106-elf/bin/../lib/gcc/xtensa-lx106-elf/5.2.0/../../../../xtensa-lx106-elf/lib\libc.a
LOAD c:/Espressif/ESP8266_SDK/lib\libgcc.a
LOAD c:/espressif/xtensa-lx106-elf/bin/../lib/gcc/xtensa-lx106-elf/5.2.0/../../../../xtensa-lx106-elf/lib\libhal.a
LOAD c:/Espressif/ESP8266_SDK/lib\libphy.a
LOAD c:/Espressif/ESP8266_SDK/lib\libpp.a
LOAD c:/Espressif/ESP8266_SDK/lib\libnet80211.a
LOAD c:/Espressif/ESP8266_SDK/lib\liblwip.a
LOAD c:/Espressif/ESP8266_SDK/lib\libwpa.a
LOAD c:/Espressif/ESP8266_SDK/lib\libmain.a
LOAD c:/Espressif/ESP8266_SDK/lib\libssl.a
LOAD c:/Espressif/ESP8266_SDK/lib\libcrypto.a
LOAD build/app_app.a
END GROUP
                [!provide]                PROVIDE (_memmap_vecbase_reset, 0x40000000)
                0x00000110                _memmap_cacheattr_wb_base = 0x110
                0x00000110                _memmap_cacheattr_wt_base = 0x110
                0x00000220                _memmap_cacheattr_bp_base = 0x220
                0xfffff00f                _memmap_cacheattr_unused_mask = 0xfffff00f
                0x2222211f                _memmap_cacheattr_wb_trapnull = 0x2222211f
                0x2222211f                _memmap_cacheattr_wba_trapnull = 0x2222211f
                0x2222211f                _memmap_cacheattr_wbna_trapnull = 0x2222211f
                0x2222211f                _memmap_cacheattr_wt_trapnull = 0x2222211f
                0x2222222f                _memmap_cacheattr_bp_trapnull = 0x2222222f
                0xfffff11f                _memmap_cacheattr_wb_strict = 0xfffff11f
                0xfffff11f                _memmap_cacheattr_wt_strict = 0xfffff11f
                0xfffff22f                _memmap_cacheattr_bp_strict = 0xfffff22f
                0x22222112                _memmap_cacheattr_wb_allvalid = 0x22222112
                0x22222112                _memmap_cacheattr_wt_allvalid = 0x22222112
                0x22222222                _memmap_cacheattr_bp_allvalid = 0x22222222
                [!provide]                PROVIDE (_memmap_cacheattr_reset, _memmap_cacheattr_wb_trapnull)

.dport0.rodata  0x3ff00000        0x0
                0x3ff00000                _dport0_rodata_start = ABSOLUTE (.)
 *(.dport0.rodata)
 *(.dport.rodata)
                0x3ff00000                _dport0_rodata_end = ABSOLUTE (.)

.dport0.literal
                0x3ff00000        0x0
                0x3ff00000                _dport0_literal_start = ABSOLUTE (.)
 *(.dport0.literal)
 *(.dport.literal)
                0x3ff00000                _dport0_literal_end = ABSOLUTE (.)

.dport0.data    0x3ff00000        0x0
                0x3ff00000                _dport0_data_start = ABSOLUTE (.)
 *(.dport0.data)
 *(.dport.data)
                0x3ff00000                _dport0_data_end = ABSOLUTE (.)

.data           0x3ffe8000      0x838
                0x3ffe8000                _data_start = ABSOLUTE (.)
 *(.data)
 .data          0x3ffe8000        0x0 c:/Espressif/ESP8266_SDK/lib\libmain.a(debug-vector.o)
 .data          0x3ffe8000        0x0 c:/Espressif/ESP8266_SDK/lib\libmain.a(double-vector.o)
 .data          0x3ffe8000        0x0 c:/Espressif/ESP8266_SDK/lib\libmain.a(kernel-vector.o)
 .data          0x3ffe8000        0x4 c:/Espressif/ESP8266_SDK/lib\libmain.a(nmi-vector.o)
                0x3ffe8000                _Pri_3_HandlerAddress
 .data          0x3ffe8004        0x0 c:/Espressif/ESP8266_SDK/lib\libmain.a(user-vector.o)
 .data          0x3ffe8004        0x0 c:/Espressif/ESP8266_SDK/lib\libmain.a(vector.o)
 .data          0x3ffe8004        0x1 c:/Espressif/ESP8266_SDK/lib\libmain.a(app_main.o)
 .data          0x3ffe8005        0x0 c:/Espressif/ESP8266_SDK/lib\libmain.a(ets_timer.o)
 .data          0x3ffe8005        0x0 c:/Espressif/ESP8266_SDK/lib\libmain.a(mem_manager.o)
 .data          0x3ffe8005        0x0 c:/Espressif/ESP8266_SDK/lib\libmain.a(spi_flash.o)
 *fill*         0x3ffe8005        0x3 
 .data          0x3ffe8008        0x6 c:/Espressif/ESP8266_SDK/lib\libmain.a(user_interface.o)
                0x3ffe8009                timer2_ms_flag
                0x3ffe800a                dhcps_flag
                0x3ffe800b                dhcpc_flag
                0x3ffe800d                reconnect_internal
 .data          0x3ffe800e        0x0 c:/Espressif/ESP8266_SDK/lib\libmain.a(eagle_lib.o)
 *fill*         0x3ffe800e        0x2 
 .data          0x3ffe8010        0x1 c:/Espressif/ESP8266_SDK/lib\libmain.a(eagle_lwip_if.o)
                0x3ffe8010                default_hostname
 .data          0x3ffe8011        0x0 build/app_app.a(user_main.o)
 *fill*         0x3ffe8011        0x3 
 .data          0x3ffe8014       0x58 build/app_app.a(wifi_connector.o)
                0x3ffe8014                sEspconnErr
                0x3ffe8054                WiFiMode
                0x3ffe8064                g_bServerAutoDiscover
                0x3ffe8068                g_nHubId
 .data          0x3ffe806c        0x0 build/app_app.a(userconfig.o)
 .data          0x3ffe806c        0x0 build/app_app.a(uart.o)
 .data          0x3ffe806c        0x0 build/app_app.a(uartproto.o)
 .data          0x3ffe806c        0x0 build/app_app.a(cpp_req.o)
 .data          0x3ffe806c        0x0 build/app_app.a(sfifo.o)
 .data          0x3ffe806c        0x0 c:/espressif/xtensa-lx106-elf/bin/../lib/gcc/xtensa-lx106-elf/5.2.0/../../../../xtensa-lx106-elf/lib\libc.a(lib_a-memcpy.o)
 .data          0x3ffe806c        0x0 c:/espressif/xtensa-lx106-elf/bin/../lib/gcc/xtensa-lx106-elf/5.2.0/../../../../xtensa-lx106-elf/lib\libc.a(lib_a-stpcpy.o)
 .data          0x3ffe806c        0x0 c:/espressif/xtensa-lx106-elf/bin/../lib/gcc/xtensa-lx106-elf/5.2.0/../../../../xtensa-lx106-elf/lib\libc.a(lib_a-strlen.o)
 .data          0x3ffe806c        0x0 c:/espressif/xtensa-lx106-elf/bin/../lib/gcc/xtensa-lx106-elf/5.2.0/../../../../xtensa-lx106-elf/lib\libhal.a(int_asm--set_intclear.o)
 .data          0x3ffe806c        0x0 c:/Espressif/ESP8266_SDK/lib\libphy.a(phy.o)
 .data          0x3ffe806c        0x0 c:/Espressif/ESP8266_SDK/lib\libphy.a(phy_chip_v6_ana.o)
 *fill*         0x3ffe806c        0x4 
 .data          0x3ffe8070       0x53 c:/Espressif/ESP8266_SDK/lib\libphy.a(phy_chip_v6.o)
                0x3ffe8072                tx_rf_ana_gain
                0x3ffe80a0                rx_gain_swp
                0x3ffe80c0                test_rffreq_txcap
 *fill*         0x3ffe80c3        0x1 
 .data          0x3ffe80c4        0x1 c:/Espressif/ESP8266_SDK/lib\libphy.a(phy_chip_v6_cal.o)
                0x3ffe80c4                rfcal_bb_atten_init
 .data          0x3ffe80c5        0x0 c:/Espressif/ESP8266_SDK/lib\libphy.a(phy_chip_v6_unused.o)
 *fill*         0x3ffe80c5        0x3 
 .data          0x3ffe80c8        0x4 c:/Espressif/ESP8266_SDK/lib\libphy.a(phy_sleep.o)
                0x3ffe80c8                chip_version
 .data          0x3ffe80cc        0x0 c:/Espressif/ESP8266_SDK/lib\libpp.a(if_hwctrl.o)
 .data          0x3ffe80cc        0x0 c:/Espressif/ESP8266_SDK/lib\libpp.a(lmac.o)
 .data          0x3ffe80cc        0x1 c:/Espressif/ESP8266_SDK/lib\libpp.a(pm.o)
 *fill*         0x3ffe80cd        0x3 
 .data          0x3ffe80d0        0x1 c:/Espressif/ESP8266_SDK/lib\libpp.a(pm_for_bcn_only_mode.o)
 *fill*         0x3ffe80d1        0x3 
 .data          0x3ffe80d4       0x1c c:/Espressif/ESP8266_SDK/lib\libpp.a(pp.o)
                0x3ffe80d4                soft_wdt_interval
                0x3ffe80d8                NoiseTimerInterval
                0x3ffe80e0                sleep_start_wait_time
                0x3ffe80e8                CanDoFreqCal
                0x3ffe80ec                tcb
 .data          0x3ffe80f0       0x40 c:/Espressif/ESP8266_SDK/lib\libpp.a(rate_control.o)
 .data          0x3ffe8130      0x24c c:/Espressif/ESP8266_SDK/lib\libpp.a(trc.o)
 .data          0x3ffe837c        0x8 c:/Espressif/ESP8266_SDK/lib\libpp.a(wdev.o)
 .data          0x3ffe8384        0x0 c:/Espressif/ESP8266_SDK/lib\libpp.a(esf_buf.o)
 .data          0x3ffe8384        0x0 c:/Espressif/ESP8266_SDK/lib\libnet80211.a(ieee80211.o)
 .data          0x3ffe8384        0x0 c:/Espressif/ESP8266_SDK/lib\libnet80211.a(ieee80211_crypto.o)
 .data          0x3ffe8384        0x0 c:/Espressif/ESP8266_SDK/lib\libnet80211.a(ieee80211_ets.o)
 .data          0x3ffe8384        0x1 c:/Espressif/ESP8266_SDK/lib\libnet80211.a(ieee80211_hostap.o)
                0x3ffe8384                TmpSTAAPCloseAP
 .data          0x3ffe8385        0x0 c:/Espressif/ESP8266_SDK/lib\libnet80211.a(ieee80211_ht.o)
 .data          0x3ffe8385        0x0 c:/Espressif/ESP8266_SDK/lib\libnet80211.a(ieee80211_input.o)
 .data          0x3ffe8385        0x0 c:/Espressif/ESP8266_SDK/lib\libnet80211.a(ieee80211_mesh_quick.o)
 .data          0x3ffe8385        0x0 c:/Espressif/ESP8266_SDK/lib\libnet80211.a(ieee80211_output.o)
 .data          0x3ffe8385        0x0 c:/Espressif/ESP8266_SDK/lib\libnet80211.a(ieee80211_phy.o)
 .data          0x3ffe8385        0x0 c:/Espressif/ESP8266_SDK/lib\libnet80211.a(ieee80211_power.o)
 .data          0x3ffe8385        0x0 c:/Espressif/ESP8266_SDK/lib\libnet80211.a(ieee80211_proto.o)
 .data          0x3ffe8385        0x0 c:/Espressif/ESP8266_SDK/lib\libnet80211.a(ieee80211_regdomain.o)
 .data          0x3ffe8385        0x0 c:/Espressif/ESP8266_SDK/lib\libnet80211.a(ieee80211_rfid.o)
 .data          0x3ffe8385        0x0 c:/Espressif/ESP8266_SDK/lib\libnet80211.a(ieee80211_scan.o)
 .data          0x3ffe8385        0x0 c:/Espressif/ESP8266_SDK/lib\libnet80211.a(ieee80211_sta.o)
 .data          0x3ffe8385        0x0 c:/Espressif/ESP8266_SDK/lib\libnet80211.a(wl_chm.o)
 *fill*         0x3ffe8385        0x3 
 .data          0x3ffe8388        0x1 c:/Espressif/ESP8266_SDK/lib\libnet80211.a(wl_cnx.o)
 *fill*         0x3ffe8389        0x7 
 .data          0x3ffe8390       0x1c c:/Espressif/ESP8266_SDK/lib\libnet80211.a(ieee80211_action.o)
 .data          0x3ffe83ac        0x0 c:/Espressif/ESP8266_SDK/lib\libnet80211.a(ieee80211_action_vendor.o)
 .data          0x3ffe83ac        0x0 c:/Espressif/ESP8266_SDK/lib\libnet80211.a(ieee80211_crypto_ccmp.o)
 .data          0x3ffe83ac        0x0 c:/Espressif/ESP8266_SDK/lib\libnet80211.a(ieee80211_ie_vendor.o)
 .data          0x3ffe83ac        0x4 c:/Espressif/ESP8266_SDK/lib\liblwip.a(dhcp.o)
 .data          0x3ffe83b0        0x5 c:/Espressif/ESP8266_SDK/lib\liblwip.a(dhcpserver.o)
                0x3ffe83b0                dhcps_lease_time
 .data          0x3ffe83b5        0x0 c:/Espressif/ESP8266_SDK/lib\liblwip.a(dns.o)
 .data          0x3ffe83b5        0x0 c:/Espressif/ESP8266_SDK/lib\liblwip.a(espconn.o)
 .data          0x3ffe83b5        0x0 c:/Espressif/ESP8266_SDK/lib\liblwip.a(espconn_tcp.o)
 .data          0x3ffe83b5        0x0 c:/Espressif/ESP8266_SDK/lib\liblwip.a(espconn_udp.o)
 .data          0x3ffe83b5        0x0 c:/Espressif/ESP8266_SDK/lib\liblwip.a(etharp.o)
 .data          0x3ffe83b5        0x0 c:/Espressif/ESP8266_SDK/lib\liblwip.a(igmp.o)
 .data          0x3ffe83b5        0x0 c:/Espressif/ESP8266_SDK/lib\liblwip.a(inet_chksum.o)
 .data          0x3ffe83b5        0x0 c:/Espressif/ESP8266_SDK/lib\liblwip.a(init.o)
 .data          0x3ffe83b5        0x0 c:/Espressif/ESP8266_SDK/lib\liblwip.a(ip_addr.o)
 .data          0x3ffe83b5        0x0 c:/Espressif/ESP8266_SDK/lib\liblwip.a(ip.o)
 *fill*         0x3ffe83b5        0x3 
 .data          0x3ffe83b8        0x2 c:/Espressif/ESP8266_SDK/lib\liblwip.a(memp.o)
                0x3ffe83b8                memp_sizes_test
 .data          0x3ffe83ba        0x0 c:/Espressif/ESP8266_SDK/lib\liblwip.a(netif.o)
 .data          0x3ffe83ba        0x0 c:/Espressif/ESP8266_SDK/lib\liblwip.a(pbuf.o)
 .data          0x3ffe83ba        0x0 c:/Espressif/ESP8266_SDK/lib\liblwip.a(raw.o)
 *fill*         0x3ffe83ba        0x2 
 .data          0x3ffe83bc        0x8 c:/Espressif/ESP8266_SDK/lib\liblwip.a(sntp.o)
                0x3ffe83bc                time_zone
                0x3ffe83bd                sntp_receive_time_size
 .data          0x3ffe83c4        0x0 c:/Espressif/ESP8266_SDK/lib\liblwip.a(tcp_in.o)
 .data          0x3ffe83c4        0x8 c:/Espressif/ESP8266_SDK/lib\liblwip.a(tcp.o)
 .data          0x3ffe83cc        0x0 c:/Espressif/ESP8266_SDK/lib\liblwip.a(tcp_out.o)
 .data          0x3ffe83cc        0x0 c:/Espressif/ESP8266_SDK/lib\liblwip.a(timers.o)
 .data          0x3ffe83cc        0x0 c:/Espressif/ESP8266_SDK/lib\liblwip.a(udp.o)
 .data          0x3ffe83cc        0x0 c:/Espressif/ESP8266_SDK/lib\liblwip.a(espconn_buf.o)
 .data          0x3ffe83cc        0x0 c:/Espressif/ESP8266_SDK/lib\liblwip.a(icmp.o)
 .data          0x3ffe83cc        0x0 c:/Espressif/ESP8266_SDK/lib\libwpa.a(ap_config.o)
 .data          0x3ffe83cc        0x0 c:/Espressif/ESP8266_SDK/lib\libwpa.a(common.o)
 .data          0x3ffe83cc        0x0 c:/Espressif/ESP8266_SDK/lib\libwpa.a(os_xtensa.o)
 .data          0x3ffe83cc        0x0 c:/Espressif/ESP8266_SDK/lib\libwpa.a(wpa_auth.o)
 .data          0x3ffe83cc        0x0 c:/Espressif/ESP8266_SDK/lib\libwpa.a(wpa_auth_ie.o)
 .data          0x3ffe83cc        0x0 c:/Espressif/ESP8266_SDK/lib\libwpa.a(wpa.o)
 .data          0x3ffe83cc        0x0 c:/Espressif/ESP8266_SDK/lib\libwpa.a(wpa_common.o)
 .data          0x3ffe83cc        0x0 c:/Espressif/ESP8266_SDK/lib\libwpa.a(wpa_debug.o)
 .data          0x3ffe83cc        0x0 c:/Espressif/ESP8266_SDK/lib\libwpa.a(wpa_ie.o)
 .data          0x3ffe83cc        0x0 c:/Espressif/ESP8266_SDK/lib\libwpa.a(wpa_main.o)
 .data          0x3ffe83cc        0x0 c:/Espressif/ESP8266_SDK/lib\libwpa.a(wpas_glue.o)
 .data          0x3ffe83cc        0x0 c:/Espressif/ESP8266_SDK/lib\libmain.a(time.o)
 .data          0x3ffe83cc       0x34 c:/Espressif/ESP8266_SDK/lib\libssl.a(espconn_secure.o)
                0x3ffe83cc                ssl_option
 .data          0x3ffe8400        0x0 c:/Espressif/ESP8266_SDK/lib\libssl.a(espconn_ssl.o)
 .data          0x3ffe8400        0x0 c:/Espressif/ESP8266_SDK/lib\libssl.a(ssl_loader.o)
 .data          0x3ffe8400        0x0 c:/Espressif/ESP8266_SDK/lib\libssl.a(ssl_md5.o)
 .data          0x3ffe8400        0x0 c:/Espressif/ESP8266_SDK/lib\libssl.a(ssl_tls1_clnt.o)
 .data          0x3ffe8400        0x8 c:/Espressif/ESP8266_SDK/lib\libssl.a(ssl_tls1.o)
 .data          0x3ffe8408        0x0 c:/Espressif/ESP8266_SDK/lib\libssl.a(ssl_tls1_svr.o)
 .data          0x3ffe8408        0x0 c:/Espressif/ESP8266_SDK/lib\libssl.a(ssl_x509.o)
 .data          0x3ffe8408        0x0 c:/Espressif/ESP8266_SDK/lib\libssl.a(sha256.o)
 .data          0x3ffe8408        0x0 c:/Espressif/ESP8266_SDK/lib\libssl.a(sha384.o)
 .data          0x3ffe8408        0x0 c:/Espressif/ESP8266_SDK/lib\libssl.a(sha512.o)
 .data          0x3ffe8408        0x0 c:/Espressif/ESP8266_SDK/lib\libssl.a(ssl_aes.o)
 .data          0x3ffe8408        0x0 c:/Espressif/ESP8266_SDK/lib\libssl.a(ssl_asn1.o)
 .data          0x3ffe8408        0x0 c:/Espressif/ESP8266_SDK/lib\libssl.a(ssl_bigint.o)
 .data          0x3ffe8408        0x0 c:/Espressif/ESP8266_SDK/lib\libssl.a(ssl_crypto_misc.o)
 .data          0x3ffe8408        0x0 c:/Espressif/ESP8266_SDK/lib\libssl.a(ssl_hmac.o)
 .data          0x3ffe8408        0x0 c:/Espressif/ESP8266_SDK/lib\libssl.a(ssl_rc4.o)
 .data          0x3ffe8408        0x0 c:/Espressif/ESP8266_SDK/lib\libssl.a(ssl_rsa.o)
 .data          0x3ffe8408        0x0 c:/Espressif/ESP8266_SDK/lib\libssl.a(ssl_sha1.o)
 .data          0x3ffe8408        0x0 c:/Espressif/ESP8266_SDK/lib\libcrypto.a(aes-wrap.o)
 .data          0x3ffe8408        0x0 c:/Espressif/ESP8266_SDK/lib\libcrypto.a(aes-internal-enc.o)
 .data          0x3ffe8408        0x0 c:/Espressif/ESP8266_SDK/lib\libcrypto.a(aes-internal.o)
 .data          0x3ffe8408        0x0 c:/espressif/xtensa-lx106-elf/bin/../lib/gcc/xtensa-lx106-elf/5.2.0/../../../../xtensa-lx106-elf/lib\libc.a(lib_a-memchr.o)
 .data          0x3ffe8408        0x0 c:/espressif/xtensa-lx106-elf/bin/../lib/gcc/xtensa-lx106-elf/5.2.0/../../../../xtensa-lx106-elf/lib\libc.a(lib_a-memcmp.o)
 .data          0x3ffe8408        0x0 c:/espressif/xtensa-lx106-elf/bin/../lib/gcc/xtensa-lx106-elf/5.2.0/../../../../xtensa-lx106-elf/lib\libc.a(lib_a-sysgettod.o)
 .data          0x3ffe8408      0x430 c:/espressif/xtensa-lx106-elf/bin/../lib/gcc/xtensa-lx106-elf/5.2.0/../../../../xtensa-lx106-elf/lib\libc.a(lib_a-impure.o)
                0x3ffe8408                _impure_ptr
 .data          0x3ffe8838        0x0 c:/Espressif/ESP8266_SDK/lib\libgcc.a(_modsi3.o)
 .data          0x3ffe8838        0x0 c:/Espressif/ESP8266_SDK/lib\libgcc.a(_ashrdi3.o)
 .data          0x3ffe8838        0x0 c:/Espressif/ESP8266_SDK/lib\libgcc.a(_mulsf3.o)
 .data          0x3ffe8838        0x0 c:/Espressif/ESP8266_SDK/lib\libgcc.a(_divsf3.o)
 .data          0x3ffe8838        0x0 c:/Espressif/ESP8266_SDK/lib\libgcc.a(_fixsfsi.o)
 .data          0x3ffe8838        0x0 c:/Espressif/ESP8266_SDK/lib\libnet80211.a(ieee80211_crypto_tkip.o)
 .data          0x3ffe8838        0x0 c:/Espressif/ESP8266_SDK/lib\libnet80211.a(ieee80211_crypto_wep.o)
 *(.data.*)
 *(.gnu.linkonce.d.*)
 *(.data1)
 *(.sdata)
 *(.sdata.*)
 *(.gnu.linkonce.s.*)
 *(.sdata2)
 *(.sdata2.*)
 *(.gnu.linkonce.s2.*)
 *(.jcr)
                0x3ffe8838                _data_end = ABSOLUTE (.)

.rodata         0x3ffe8840     0x16d8
                0x3ffe8840                _rodata_start = ABSOLUTE (.)
 *(.sdk.version)
 .sdk.version   0x3ffe8840        0xf c:/Espressif/ESP8266_SDK/lib\libmain.a(app_main.o)
                0x3ffe8840                SDK_VERSION
 *(.rodata)
 *fill*         0x3ffe884f        0x1 
 .rodata        0x3ffe8850       0x1c build/app_app.a(user_main.o)
 .rodata        0x3ffe886c       0x5c build/app_app.a(wifi_connector.o)
 .rodata        0x3ffe88c8        0x4 build/app_app.a(userconfig.o)
 .rodata        0x3ffe88cc       0x40 build/app_app.a(uartproto.o)
 .rodata        0x3ffe890c        0x8 c:/Espressif/ESP8266_SDK/lib\libphy.a(phy_chip_v6_ana.o)
 .rodata        0x3ffe8914        0x8 c:/Espressif/ESP8266_SDK/lib\libphy.a(phy_chip_v6.o)
 .rodata        0x3ffe891c        0x4 c:/Espressif/ESP8266_SDK/lib\libpp.a(pp.o)
 .rodata        0x3ffe8920        0x8 c:/Espressif/ESP8266_SDK/lib\libnet80211.a(ieee80211_hostap.o)
 .rodata        0x3ffe8928        0x9 c:/Espressif/ESP8266_SDK/lib\libnet80211.a(ieee80211_output.o)
 *fill*         0x3ffe8931        0x3 
 .rodata        0x3ffe8934        0x6 c:/Espressif/ESP8266_SDK/lib\liblwip.a(etharp.o)
                0x3ffe8934                ethbroadcast
 *fill*         0x3ffe893a        0x6 
 .rodata        0x3ffe8940       0xc0 c:/Espressif/ESP8266_SDK/lib\liblwip.a(sntp.o)
 .rodata        0x3ffe8a00       0x74 c:/Espressif/ESP8266_SDK/lib\liblwip.a(espconn_buf.o)
 *fill*         0x3ffe8a74        0xc 
 .rodata        0x3ffe8a80       0x34 c:/Espressif/ESP8266_SDK/lib\libssl.a(ssl_loader.o)
 *fill*         0x3ffe8ab4        0xc 
 .rodata        0x3ffe8ac0       0x40 c:/Espressif/ESP8266_SDK/lib\libssl.a(ssl_md5.o)
 .rodata        0x3ffe8b00       0x74 c:/Espressif/ESP8266_SDK/lib\libssl.a(ssl_tls1.o)
                0x3ffe8b54                ssl_prot_prefs
 *fill*         0x3ffe8b74        0x4 
 .rodata        0x3ffe8b78       0x10 c:/Espressif/ESP8266_SDK/lib\libssl.a(ssl_tls1_svr.o)
 *fill*         0x3ffe8b88        0x8 
 .rodata        0x3ffe8b90       0x40 c:/Espressif/ESP8266_SDK/lib\libssl.a(sha256.o)
 .rodata        0x3ffe8bd0      0x300 c:/Espressif/ESP8266_SDK/lib\libssl.a(sha512.o)
 .rodata        0x3ffe8ed0      0x220 c:/Espressif/ESP8266_SDK/lib\libssl.a(ssl_aes.o)
 .rodata        0x3ffe90f0       0x80 c:/Espressif/ESP8266_SDK/lib\libssl.a(ssl_asn1.o)
 .rodata        0x3ffe9170       0x90 c:/Espressif/ESP8266_SDK/lib\libssl.a(ssl_crypto_misc.o)
                0x3ffe9170                unsupported_str
 .rodata        0x3ffe9200       0x10 c:/Espressif/ESP8266_SDK/lib\libssl.a(ssl_sha1.o)
 .rodata        0x3ffe9210        0x4 c:/espressif/xtensa-lx106-elf/bin/../lib/gcc/xtensa-lx106-elf/5.2.0/../../../../xtensa-lx106-elf/lib\libc.a(lib_a-impure.o)
                0x3ffe9210                _global_impure_ptr
 *(.rodata.*)
 .rodata.str1.4
                0x3ffe9214        0xc c:/Espressif/ESP8266_SDK/lib\libmain.a(app_main.o)
 .rodata.str1.4
                0x3ffe9220        0x4 c:/Espressif/ESP8266_SDK/lib\libmain.a(ets_timer.o)
                                  0xc (size before relaxing)
 .rodata.str1.4
                0x3ffe9224       0x1a c:/Espressif/ESP8266_SDK/lib\libmain.a(mem_manager.o)
 *fill*         0x3ffe923e        0x2 
 .rodata.str1.4
                0x3ffe9240       0x5d build/app_app.a(user_main.o)
 *fill*         0x3ffe929d        0x3 
 .rodata.str1.4
                0x3ffe92a0      0x726 build/app_app.a(wifi_connector.o)
                                0x732 (size before relaxing)
 *fill*         0x3ffe99c6        0x2 
 .rodata.str1.4
                0x3ffe99c8       0x7a build/app_app.a(userconfig.o)
 *fill*         0x3ffe9a42        0x2 
 .rodata.str1.4
                0x3ffe9a44       0x16 build/app_app.a(uart.o)
 *fill*         0x3ffe9a5a        0x2 
 .rodata.str1.4
                0x3ffe9a5c       0x81 build/app_app.a(uartproto.o)
                                 0x85 (size before relaxing)
 .rodata.str1.4
                0x3ffe9add        0x1 build/app_app.a(cpp_req.o)
 *fill*         0x3ffe9add        0x3 
 .rodata.str1.4
                0x3ffe9ae0        0x4 c:/Espressif/ESP8266_SDK/lib\libpp.a(lmac.o)
                                  0xc (size before relaxing)
 .rodata.str1.4
                0x3ffe9ae4        0x3 c:/Espressif/ESP8266_SDK/lib\libpp.a(pm.o)
                                  0xb (size before relaxing)
 *fill*         0x3ffe9ae7        0x1 
 .rodata.str1.4
                0x3ffe9ae8        0x4 c:/Espressif/ESP8266_SDK/lib\libpp.a(pm_for_bcn_only_mode.o)
                                  0xc (size before relaxing)
 .rodata.str1.4
                0x3ffe9aec        0x8 c:/Espressif/ESP8266_SDK/lib\libpp.a(pp.o)
                                 0x10 (size before relaxing)
 .rodata.str1.4
                0x3ffe9af4        0x4 c:/Espressif/ESP8266_SDK/lib\libpp.a(wdev.o)
                                  0xc (size before relaxing)
 .rodata.str1.4
                0x3ffe9af8        0x3 c:/Espressif/ESP8266_SDK/lib\libnet80211.a(ieee80211_hostap.o)
                                  0x8 (size before relaxing)
 *fill*         0x3ffe9afb        0x1 
 .rodata.str1.4
                0x3ffe9afc        0x7 c:/Espressif/ESP8266_SDK/lib\libnet80211.a(ieee80211_mesh_quick.o)
 .rodata.str1.4
                0x3ffe9b03        0x4 c:/Espressif/ESP8266_SDK/lib\libnet80211.a(ieee80211_sta.o)
 .rodata.str1.4
                0x3ffe9b03        0x4 c:/Espressif/ESP8266_SDK/lib\libnet80211.a(ieee80211_action_vendor.o)
 .rodata.str1.4
                0x3ffe9b03        0x4 c:/Espressif/ESP8266_SDK/lib\libnet80211.a(ieee80211_ie_vendor.o)
 .rodata.str1.4
                0x3ffe9b03        0x1 c:/Espressif/ESP8266_SDK/lib\liblwip.a(espconn_tcp.o)
 *fill*         0x3ffe9b03        0x1 
 .rodata.str1.4
                0x3ffe9b04       0x20 c:/Espressif/ESP8266_SDK/lib\liblwip.a(sntp.o)
 .rodata.str1.4
                0x3ffe9b24        0xd c:/Espressif/ESP8266_SDK/lib\libwpa.a(wpa_debug.o)
 *fill*         0x3ffe9b31        0x3 
 .rodata.str1.4
                0x3ffe9b34       0x18 c:/Espressif/ESP8266_SDK/lib\libssl.a(espconn_ssl.o)
 .rodata.str1.4
                0x3ffe9b4c      0x150 c:/Espressif/ESP8266_SDK/lib\libssl.a(ssl_loader.o)
                                0x151 (size before relaxing)
 .rodata.str1.4
                0x3ffe9c9c      0x13a c:/Espressif/ESP8266_SDK/lib\libssl.a(ssl_tls1.o)
 *fill*         0x3ffe9dd6        0x2 
 .rodata.str1.4
                0x3ffe9dd8       0xf4 c:/Espressif/ESP8266_SDK/lib\libssl.a(ssl_x509.o)
 .rodata.str1.4
                0x3ffe9ecc       0x1e c:/Espressif/ESP8266_SDK/lib\libssl.a(ssl_crypto_misc.o)
 *fill*         0x3ffe9eea        0x2 
 .rodata.str1.4
                0x3ffe9eec       0x20 c:/Espressif/ESP8266_SDK/lib\libssl.a(ssl_rsa.o)
 .rodata.str1.1
                0x3ffe9f0c        0x2 c:/espressif/xtensa-lx106-elf/bin/../lib/gcc/xtensa-lx106-elf/5.2.0/../../../../xtensa-lx106-elf/lib\libc.a(lib_a-impure.o)
 *(.gnu.linkonce.r.*)
 *(.rodata1)
                0x3ffe9f0e                __XT_EXCEPTION_TABLE__ = ABSOLUTE (.)
 *(.xt_except_table)
 *(.gcc_except_table)
 *(.gnu.linkonce.e.*)
 *(.gnu.version_r)
 *(.eh_frame)
                0x3ffe9f10                . = ((. + 0x3) & 0xfffffffc)
 *fill*         0x3ffe9f0e        0x2 
                0x3ffe9f10                __init_array_start = ABSOLUTE (.)
 *crtbegin.o(.ctors)
 *(EXCLUDE_FILE(*crtend.o) .ctors)
 *(SORT(.ctors.*))
 *(.ctors)
                0x3ffe9f10                __init_array_end = ABSOLUTE (.)
 *crtbegin.o(.dtors)
 *(EXCLUDE_FILE(*crtend.o) .dtors)
 *(SORT(.dtors.*))
 *(.dtors)
                0x3ffe9f10                __XT_EXCEPTION_DESCS__ = ABSOLUTE (.)
 *(.xt_except_desc)
 *(.gnu.linkonce.h.*)
                0x3ffe9f10                __XT_EXCEPTION_DESCS_END__ = ABSOLUTE (.)
 *(.xt_except_desc_end)
 *(.dynamic)
 *(.gnu.version_d)
                0x3ffe9f10                . = ALIGN (0x4)
                0x3ffe9f10                _bss_table_start = ABSOLUTE (.)
                0x3ffe9f10        0x4 LONG 0x3ffe9f18 _bss_start
                0x3ffe9f14        0x4 LONG 0x3fff4850 _bss_end
                0x3ffe9f18                _bss_table_end = ABSOLUTE (.)
                0x3ffe9f18                _rodata_end = ABSOLUTE (.)

.bss            0x3ffe9f18     0xa938
                0x3ffe9f18                . = ALIGN (0x8)
                0x3ffe9f18                _bss_start = ABSOLUTE (.)
 *(.dynsbss)
 *(.sbss)
 *(.sbss.*)
 *(.gnu.linkonce.sb.*)
 *(.scommon)
 *(.sbss2)
 *(.sbss2.*)
 *(.gnu.linkonce.sb2.*)
 *(.dynbss)
 *(.bss)
 .bss           0x3ffe9f18        0x0 c:/Espressif/ESP8266_SDK/lib\libmain.a(debug-vector.o)
 .bss           0x3ffe9f18        0x0 c:/Espressif/ESP8266_SDK/lib\libmain.a(double-vector.o)
 .bss           0x3ffe9f18        0x0 c:/Espressif/ESP8266_SDK/lib\libmain.a(kernel-vector.o)
 *fill*         0x3ffe9f18        0x8 
 .bss           0x3ffe9f20      0x1c0 c:/Espressif/ESP8266_SDK/lib\libmain.a(nmi-vector.o)
 .bss           0x3ffea0e0        0x0 c:/Espressif/ESP8266_SDK/lib\libmain.a(user-vector.o)
 .bss           0x3ffea0e0        0x0 c:/Espressif/ESP8266_SDK/lib\libmain.a(vector.o)
 .bss           0x3ffea0e0       0x45 c:/Espressif/ESP8266_SDK/lib\libmain.a(app_main.o)
                0x3ffea0e4                info
                0x3ffea108                freq_trace_enable
                0x3ffea10a                lwip_timer_interval
                0x3ffea10c                check_timeouts_timer
                0x3ffea120                rf_cal_sec
                0x3ffea124                user_init_flag
 *fill*         0x3ffea125        0xb 
 .bss           0x3ffea130       0x30 c:/Espressif/ESP8266_SDK/lib\libmain.a(ets_timer.o)
                0x3ffea130                dbg_timer_flag
                0x3ffea134                timer_list
                0x3ffea138                debug_timer
                0x3ffea13c                debug_timerfn
 .bss           0x3ffea160       0x3c c:/Espressif/ESP8266_SDK/lib\libmain.a(mem_manager.o)
 .bss           0x3ffea19c        0x4 c:/Espressif/ESP8266_SDK/lib\libmain.a(spi_flash.o)
                0x3ffea19c                flash_read
 .bss           0x3ffea1a0      0x242 c:/Espressif/ESP8266_SDK/lib\libmain.a(user_interface.o)
                0x3ffea297                deep_sleep_flag
                0x3ffea298                cpu_overclock
                0x3ffea29c                event_cb
                0x3ffea2a0                status_led_output_level
                0x3ffea2a4                done_cb
                0x3ffea2a8                rst_if
                0x3ffea2c4                default_interface
                0x3ffea2c5                OpmodChgIsOnGoing
                0x3ffea2c8                promiscuous_cb
                0x3ffea2e0                event_TaskQueue
 .bss           0x3ffea3e2        0x0 c:/Espressif/ESP8266_SDK/lib\libmain.a(eagle_lib.o)
 *fill*         0x3ffea3e2        0x2 
 .bss           0x3ffea3e4        0xc c:/Espressif/ESP8266_SDK/lib\libmain.a(eagle_lwip_if.o)
                0x3ffea3e4                hostname
 .bss           0x3ffea3f0        0x0 build/app_app.a(user_main.o)
 .bss           0x3ffea3f0     0x4110 build/app_app.a(wifi_connector.o)
                0x3ffea3f0                g_wifiFwInfo
                0x3ffea400                g_ipServer
                0x3ffea404                g_buffFifoSend
                0x3ffeac08                g_fifoSend
                0x3ffeac18                g_fifoRecv
                0x3ffeac28                g_nRecvIdx
                0x3ffeac2c                g_buffCommandRecv
                0x3ffebc2c                g_buffFifoRecv
                0x3ffee430                g_tmrPinger
                0x3ffee444                g_tmrKeepAliveTimeout
                0x3ffee458                g_espTcp
                0x3ffee478                g_connTcp
                0x3ffee494                g_tmrSntp
                0x3ffee4a8                g_tmrTcpLinker
                0x3ffee4bc                g_espUdp
                0x3ffee4cc                g_connUdp
                0x3ffee4e8                g_tmrUdpSender
                0x3ffee4fc                g_ConnState
 .bss           0x3ffee500       0x6c build/app_app.a(userconfig.o)
                0x3ffee500                g_Eeprom_Params
 .bss           0x3ffee56c        0x0 build/app_app.a(uart.o)
 .bss           0x3ffee56c      0x31c build/app_app.a(uartproto.o)
                0x3ffee56c                g_pUartPktSend
                0x3ffee570                g_pUartPktRecv
                0x3ffee574                g_nUartLen
                0x3ffee578                g_UartCommand
                0x3ffee57c                g_UartState
                0x3ffee580                g_nBufferPosition
                0x3ffee584                g_UartBuff
                0x3ffee684                g_queueReceived
                0x3ffee884                g_taskUartReceiver
 .bss           0x3ffee888        0x0 build/app_app.a(cpp_req.o)
 .bss           0x3ffee888        0x0 build/app_app.a(sfifo.o)
 .bss           0x3ffee888        0x0 c:/espressif/xtensa-lx106-elf/bin/../lib/gcc/xtensa-lx106-elf/5.2.0/../../../../xtensa-lx106-elf/lib\libc.a(lib_a-memcpy.o)
 .bss           0x3ffee888        0x0 c:/espressif/xtensa-lx106-elf/bin/../lib/gcc/xtensa-lx106-elf/5.2.0/../../../../xtensa-lx106-elf/lib\libc.a(lib_a-stpcpy.o)
 .bss           0x3ffee888        0x0 c:/espressif/xtensa-lx106-elf/bin/../lib/gcc/xtensa-lx106-elf/5.2.0/../../../../xtensa-lx106-elf/lib\libc.a(lib_a-strlen.o)
 .bss           0x3ffee888        0x0 c:/espressif/xtensa-lx106-elf/bin/../lib/gcc/xtensa-lx106-elf/5.2.0/../../../../xtensa-lx106-elf/lib\libhal.a(int_asm--set_intclear.o)
 .bss           0x3ffee888        0x4 c:/Espressif/ESP8266_SDK/lib\libphy.a(phy.o)
 .bss           0x3ffee88c        0x2 c:/Espressif/ESP8266_SDK/lib\libphy.a(phy_chip_v6_ana.o)
                0x3ffee88c                tout_dis_txpwr_track
                0x3ffee88d                sleep_mode_flag
 *fill*         0x3ffee88e        0x2 
 .bss           0x3ffee890      0x153 c:/Espressif/ESP8266_SDK/lib\libphy.a(phy_chip_v6.o)
                0x3ffee890                g_phyFuns
                0x3ffee894                rxiq_compute_num
                0x3ffee898                rx_table_renew_en
                0x3ffee89c                check_result
                0x3ffee8a0                chip6_sleep_params
                0x3ffee934                chip6_phy_init_ctrl
                0x3ffee9a8                phy_freq_offset
                0x3ffee9aa                do_pwctrl_flag
                0x3ffee9ab                txbk_dpdby_flag
                0x3ffee9ad                sw_scan_mode
                0x3ffee9ae                rxmax_ext_level
                0x3ffee9b0                phy_rx_gain_dc_table
                0x3ffee9c4                periodic_cal_flag
                0x3ffee9c5                bbpll_cal_flag
                0x3ffee9c6                phy_in_most_power
                0x3ffee9c7                init_rf_no_cal
                0x3ffee9c8                test_print_time
                0x3ffee9cc                phy_in_vdd33_offset
                0x3ffee9cd                phy_set_most_tpw_disbg
                0x3ffee9ce                phy_set_most_tpw_index
                0x3ffee9d0                adc_rand_noise
                0x3ffee9d4                phy_rx_gain_dc_flag
                0x3ffee9d5                dpd_bypass_original
                0x3ffee9d6                phy_txpwr_diff_flash
                0x3ffee9d8                noise_array
 *fill*         0x3ffee9e3        0x1 
 .bss           0x3ffee9e4        0x9 c:/Espressif/ESP8266_SDK/lib\libphy.a(phy_chip_v6_cal.o)
                0x3ffee9e4                phy_tx_power_out
                0x3ffee9e6                phy_tx_pwr_error
                0x3ffee9e8                tx_pwctrl_track_num
                0x3ffee9e9                rxiq_cover_fail_num
                0x3ffee9ea                phy_meas_freq_offset
                0x3ffee9ec                tx_pwctrl_pk_num
 .bss           0x3ffee9ed        0x0 c:/Espressif/ESP8266_SDK/lib\libphy.a(phy_chip_v6_unused.o)
 *fill*         0x3ffee9ed        0x3 
 .bss           0x3ffee9f0        0x7 c:/Espressif/ESP8266_SDK/lib\libphy.a(phy_sleep.o)
                0x3ffee9f0                periodic_cal_sat
                0x3ffee9f2                lslp_mem_opt_8266
                0x3ffee9f4                software_slp_reject
                0x3ffee9f5                SDIO_slp_reject
                0x3ffee9f6                hardware_reject
 *fill*         0x3ffee9f7        0x9 
 .bss           0x3ffeea00       0x40 c:/Espressif/ESP8266_SDK/lib\libpp.a(if_hwctrl.o)
                0x3ffeea00                interface_mask
                0x3ffeea20                if_ctrl
 .bss           0x3ffeea40      0x150 c:/Espressif/ESP8266_SDK/lib\libpp.a(lmac.o)
                0x3ffeea44                lmacConfMib
                0x3ffeea68                our_tx_eb
 .bss           0x3ffeeb90      0x12a c:/Espressif/ESP8266_SDK/lib\libpp.a(pm.o)
                0x3ffeeb90                pmc
 *fill*         0x3ffeecba        0x2 
 .bss           0x3ffeecbc       0x38 c:/Espressif/ESP8266_SDK/lib\libpp.a(pm_for_bcn_only_mode.o)
 *fill*         0x3ffeecf4        0xc 
 .bss           0x3ffeed00      0x322 c:/Espressif/ESP8266_SDK/lib\libpp.a(pp.o)
                0x3ffeed18                pend_flag_noise_check
                0x3ffeed20                pend_flag_periodic_cal
                0x3ffeed38                idle_timer_reopen_flag
                0x3ffeed3a                dbg_stop_sw_wdt
                0x3ffeed3b                dbg_stop_hw_wdt
                0x3ffeed3d                total_buffed_eb_num
                0x3ffeed40                HighestFreqOffsetInOneChk
                0x3ffeed42                LowestFreqOffsetInOneChk
                0x3ffeed44                DefFreqCalTimer
                0x3ffeed58                PktNumInOneChk
                0x3ffeeee0                buffed_eb_arr
 *fill*         0x3ffef022        0xe 
 .bss           0x3ffef030      0x100 c:/Espressif/ESP8266_SDK/lib\libpp.a(rate_control.o)
 .bss           0x3ffef130      0x46c c:/Espressif/ESP8266_SDK/lib\libpp.a(trc.o)
 *fill*         0x3ffef59c        0x4 
 .bss           0x3ffef5a0     0x2f88 c:/Espressif/ESP8266_SDK/lib\libpp.a(wdev.o)
                0x3ffef5a0                wDevCtrl
                0x3ffef748                WdevTimOffSet
 *fill*         0x3fff2528        0x8 
 .bss           0x3fff2530      0xaa4 c:/Espressif/ESP8266_SDK/lib\libpp.a(esf_buf.o)
 .bss           0x3fff2fd4      0x6a8 c:/Espressif/ESP8266_SDK/lib\libnet80211.a(ieee80211.o)
                0x3fff2fd4                g_ic
 .bss           0x3fff367c        0x0 c:/Espressif/ESP8266_SDK/lib\libnet80211.a(ieee80211_crypto.o)
 .bss           0x3fff367c        0x0 c:/Espressif/ESP8266_SDK/lib\libnet80211.a(ieee80211_ets.o)
 *fill*         0x3fff367c        0x4 
 .bss           0x3fff3680       0x54 c:/Espressif/ESP8266_SDK/lib\libnet80211.a(ieee80211_hostap.o)
                0x3fff3680                BcnEb_update
                0x3fff368d                BcnWithMcastSendStart
                0x3fff368e                BcnWithMcastSendCnt
                0x3fff36a8                PendFreeBcnEb
                0x3fff36ac                ApFreqCalTimer
                0x3fff36c0                APRecvBcnStartTick
 .bss           0x3fff36d4        0x0 c:/Espressif/ESP8266_SDK/lib\libnet80211.a(ieee80211_ht.o)
 .bss           0x3fff36d4        0x0 c:/Espressif/ESP8266_SDK/lib\libnet80211.a(ieee80211_input.o)
 .bss           0x3fff36d4        0x0 c:/Espressif/ESP8266_SDK/lib\libnet80211.a(ieee80211_mesh_quick.o)
 .bss           0x3fff36d4        0x0 c:/Espressif/ESP8266_SDK/lib\libnet80211.a(ieee80211_output.o)
 .bss           0x3fff36d4        0x0 c:/Espressif/ESP8266_SDK/lib\libnet80211.a(ieee80211_phy.o)
 .bss           0x3fff36d4        0x0 c:/Espressif/ESP8266_SDK/lib\libnet80211.a(ieee80211_power.o)
 .bss           0x3fff36d4        0x0 c:/Espressif/ESP8266_SDK/lib\libnet80211.a(ieee80211_proto.o)
 .bss           0x3fff36d4        0x0 c:/Espressif/ESP8266_SDK/lib\libnet80211.a(ieee80211_regdomain.o)
 .bss           0x3fff36d4        0x0 c:/Espressif/ESP8266_SDK/lib\libnet80211.a(ieee80211_rfid.o)
 .bss           0x3fff36d4       0xc8 c:/Espressif/ESP8266_SDK/lib\libnet80211.a(ieee80211_scan.o)
                0x3fff36d4                gScanStruct
                0x3fff3780                connect_scan_flag
                0x3fff3781                FreqCalCntForScan
                0x3fff3782                TestStaFreqCalValInput
                0x3fff3784                auth_type
                0x3fff3786                scannum
 *fill*         0x3fff379c        0x4 
 .bss           0x3fff37a0       0x28 c:/Espressif/ESP8266_SDK/lib\libnet80211.a(ieee80211_sta.o)
 .bss           0x3fff37c8       0x3c c:/Espressif/ESP8266_SDK/lib\libnet80211.a(wl_chm.o)
 *fill*         0x3fff3804        0x4 
 .bss           0x3fff3808      0x394 c:/Espressif/ESP8266_SDK/lib\libnet80211.a(wl_cnx.o)
                0x3fff3b68                sta_con_timer
                0x3fff3b7c                backup_ni_connect_status
                0x3fff3b80                g_cnx_probe_rc_list_cb
                0x3fff3b84                reconnect_flag
                0x3fff3b85                no_ap_found_index
 .bss           0x3fff3b9c        0x0 c:/Espressif/ESP8266_SDK/lib\libnet80211.a(ieee80211_action.o)
 *fill*         0x3fff3b9c        0x4 
 .bss           0x3fff3ba0       0x18 c:/Espressif/ESP8266_SDK/lib\libnet80211.a(ieee80211_action_vendor.o)
 .bss           0x3fff3bb8        0x0 c:/Espressif/ESP8266_SDK/lib\libnet80211.a(ieee80211_crypto_ccmp.o)
 .bss           0x3fff3bb8        0x0 c:/Espressif/ESP8266_SDK/lib\libnet80211.a(ieee80211_ie_vendor.o)
 *fill*         0x3fff3bb8        0x8 
 .bss           0x3fff3bc0       0x38 c:/Espressif/ESP8266_SDK/lib\liblwip.a(dhcp.o)
                0x3fff3bc0                dhcp_rx_options_given
                0x3fff3bd0                dhcp_rx_options_val
 .bss           0x3fff3bf8       0x24 c:/Espressif/ESP8266_SDK/lib\liblwip.a(dhcpserver.o)
 *fill*         0x3fff3c1c        0x4 
 .bss           0x3fff3c20      0x480 c:/Espressif/ESP8266_SDK/lib\liblwip.a(dns.o)
 .bss           0x3fff40a0      0x104 c:/Espressif/ESP8266_SDK/lib\liblwip.a(espconn.o)
                0x3fff40a0                plink_active
                0x3fff40a4                pserver_list
                0x3fff40b0                premot
                0x3fff4170                pktinfo
 *fill*         0x3fff41a4        0xc 
 .bss           0x3fff41b0       0x78 c:/Espressif/ESP8266_SDK/lib\liblwip.a(espconn_tcp.o)
                0x3fff41b0                espconn_TaskQueue
 .bss           0x3fff4228        0x0 c:/Espressif/ESP8266_SDK/lib\liblwip.a(espconn_udp.o)
 *fill*         0x3fff4228        0x8 
 .bss           0x3fff4230      0x100 c:/Espressif/ESP8266_SDK/lib\liblwip.a(etharp.o)
                0x3fff4234                ethzero
 .bss           0x3fff4330        0xc c:/Espressif/ESP8266_SDK/lib\liblwip.a(igmp.o)
 .bss           0x3fff433c        0x0 c:/Espressif/ESP8266_SDK/lib\liblwip.a(inet_chksum.o)
 .bss           0x3fff433c        0x0 c:/Espressif/ESP8266_SDK/lib\liblwip.a(init.o)
 *fill*         0x3fff433c        0x4 
 .bss           0x3fff4340       0x10 c:/Espressif/ESP8266_SDK/lib\liblwip.a(ip_addr.o)
 .bss           0x3fff4350       0x12 c:/Espressif/ESP8266_SDK/lib\liblwip.a(ip.o)
                0x3fff4350                current_iphdr_dest
                0x3fff4354                current_iphdr_src
                0x3fff4358                current_netif
                0x3fff435c                current_header
 .bss           0x3fff4362        0x0 c:/Espressif/ESP8266_SDK/lib\liblwip.a(memp.o)
 *fill*         0x3fff4362        0x2 
 .bss           0x3fff4364        0x9 c:/Espressif/ESP8266_SDK/lib\liblwip.a(netif.o)
                0x3fff4364                netif_list
                0x3fff4368                netif_default
 .bss           0x3fff436d        0x0 c:/Espressif/ESP8266_SDK/lib\liblwip.a(pbuf.o)
 *fill*         0x3fff436d        0x3 
 .bss           0x3fff4370        0x4 c:/Espressif/ESP8266_SDK/lib\liblwip.a(raw.o)
 *fill*         0x3fff4374        0xc 
 .bss           0x3fff4380      0x128 c:/Espressif/ESP8266_SDK/lib\liblwip.a(sntp.o)
                0x3fff4380                res_buf
                0x3fff43a4                __tzyear
                0x3fff43a8                __tznorth
                0x3fff43e0                sntp__tzrule
                0x3fff4420                reult
 .bss           0x3fff44a8       0x34 c:/Espressif/ESP8266_SDK/lib\liblwip.a(tcp_in.o)
                0x3fff44d8                tcp_input_pcb
 .bss           0x3fff44dc       0x1c c:/Espressif/ESP8266_SDK/lib\liblwip.a(tcp.o)
                0x3fff44e0                tcp_active_pcbs
                0x3fff44e4                tcp_tmp_pcb
                0x3fff44e8                tcp_tw_pcbs
                0x3fff44ec                tcp_bound_pcbs
                0x3fff44f0                tcp_listen_pcbs
                0x3fff44f4                tcp_ticks
 .bss           0x3fff44f8        0x0 c:/Espressif/ESP8266_SDK/lib\liblwip.a(tcp_out.o)
 .bss           0x3fff44f8        0xc c:/Espressif/ESP8266_SDK/lib\liblwip.a(timers.o)
 .bss           0x3fff4504        0x4 c:/Espressif/ESP8266_SDK/lib\liblwip.a(udp.o)
                0x3fff4504                udp_pcbs
 .bss           0x3fff4508        0x0 c:/Espressif/ESP8266_SDK/lib\liblwip.a(espconn_buf.o)
 .bss           0x3fff4508        0x0 c:/Espressif/ESP8266_SDK/lib\liblwip.a(icmp.o)
 .bss           0x3fff4508        0x0 c:/Espressif/ESP8266_SDK/lib\libwpa.a(ap_config.o)
 .bss           0x3fff4508        0x0 c:/Espressif/ESP8266_SDK/lib\libwpa.a(common.o)
 .bss           0x3fff4508        0x0 c:/Espressif/ESP8266_SDK/lib\libwpa.a(os_xtensa.o)
 .bss           0x3fff4508        0x0 c:/Espressif/ESP8266_SDK/lib\libwpa.a(wpa_auth.o)
 .bss           0x3fff4508        0x0 c:/Espressif/ESP8266_SDK/lib\libwpa.a(wpa_auth_ie.o)
 *fill*         0x3fff4508        0x8 
 .bss           0x3fff4510      0x26a c:/Espressif/ESP8266_SDK/lib\libwpa.a(wpa.o)
 .bss           0x3fff477a        0x0 c:/Espressif/ESP8266_SDK/lib\libwpa.a(wpa_common.o)
 .bss           0x3fff477a        0x0 c:/Espressif/ESP8266_SDK/lib\libwpa.a(wpa_debug.o)
 .bss           0x3fff477a        0x0 c:/Espressif/ESP8266_SDK/lib\libwpa.a(wpa_ie.o)
 .bss           0x3fff477a        0x0 c:/Espressif/ESP8266_SDK/lib\libwpa.a(wpa_main.o)
 .bss           0x3fff477a        0x0 c:/Espressif/ESP8266_SDK/lib\libwpa.a(wpas_glue.o)
 *fill*         0x3fff477a        0x2 
 .bss           0x3fff477c       0x1c c:/Espressif/ESP8266_SDK/lib\libmain.a(time.o)
 .bss           0x3fff4798       0x10 c:/Espressif/ESP8266_SDK/lib\libssl.a(espconn_secure.o)
                0x3fff4798                def_certificate
                0x3fff479c                def_certificate_len
                0x3fff47a0                def_private_key
                0x3fff47a4                def_private_key_len
 *fill*         0x3fff47a8        0x8 
 .bss           0x3fff47b0       0x88 c:/Espressif/ESP8266_SDK/lib\libssl.a(espconn_ssl.o)
                0x3fff47b0                pfile_param
                0x3fff47b8                plink_server
 .bss           0x3fff4838        0x0 c:/Espressif/ESP8266_SDK/lib\libssl.a(ssl_loader.o)
 .bss           0x3fff4838        0x0 c:/Espressif/ESP8266_SDK/lib\libssl.a(ssl_md5.o)
 .bss           0x3fff4838        0x0 c:/Espressif/ESP8266_SDK/lib\libssl.a(ssl_tls1_clnt.o)
 .bss           0x3fff4838        0x4 c:/Espressif/ESP8266_SDK/lib\libssl.a(ssl_tls1.o)
 .bss           0x3fff483c        0x0 c:/Espressif/ESP8266_SDK/lib\libssl.a(ssl_tls1_svr.o)
 .bss           0x3fff483c        0x0 c:/Espressif/ESP8266_SDK/lib\libssl.a(ssl_x509.o)
 .bss           0x3fff483c        0x0 c:/Espressif/ESP8266_SDK/lib\libssl.a(sha256.o)
 .bss           0x3fff483c        0x0 c:/Espressif/ESP8266_SDK/lib\libssl.a(sha384.o)
 .bss           0x3fff483c        0x0 c:/Espressif/ESP8266_SDK/lib\libssl.a(sha512.o)
 .bss           0x3fff483c        0x0 c:/Espressif/ESP8266_SDK/lib\libssl.a(ssl_aes.o)
 .bss           0x3fff483c        0x0 c:/Espressif/ESP8266_SDK/lib\libssl.a(ssl_asn1.o)
 .bss           0x3fff483c        0x0 c:/Espressif/ESP8266_SDK/lib\libssl.a(ssl_bigint.o)
 .bss           0x3fff483c        0x8 c:/Espressif/ESP8266_SDK/lib\libssl.a(ssl_crypto_misc.o)
                0x3fff483c                hex_finish
                0x3fff4840                hex_index
 .bss           0x3fff4844        0x0 c:/Espressif/ESP8266_SDK/lib\libssl.a(ssl_hmac.o)
 .bss           0x3fff4844        0x0 c:/Espressif/ESP8266_SDK/lib\libssl.a(ssl_rc4.o)
 .bss           0x3fff4844        0x0 c:/Espressif/ESP8266_SDK/lib\libssl.a(ssl_rsa.o)
 .bss           0x3fff4844        0x0 c:/Espressif/ESP8266_SDK/lib\libssl.a(ssl_sha1.o)
 .bss           0x3fff4844        0x0 c:/Espressif/ESP8266_SDK/lib\libcrypto.a(aes-wrap.o)
 .bss           0x3fff4844        0x0 c:/Espressif/ESP8266_SDK/lib\libcrypto.a(aes-internal-enc.o)
 .bss           0x3fff4844        0x0 c:/Espressif/ESP8266_SDK/lib\libcrypto.a(aes-internal.o)
 .bss           0x3fff4844        0x0 c:/espressif/xtensa-lx106-elf/bin/../lib/gcc/xtensa-lx106-elf/5.2.0/../../../../xtensa-lx106-elf/lib\libc.a(lib_a-memchr.o)
 .bss           0x3fff4844        0x0 c:/espressif/xtensa-lx106-elf/bin/../lib/gcc/xtensa-lx106-elf/5.2.0/../../../../xtensa-lx106-elf/lib\libc.a(lib_a-memcmp.o)
 .bss           0x3fff4844        0x0 c:/espressif/xtensa-lx106-elf/bin/../lib/gcc/xtensa-lx106-elf/5.2.0/../../../../xtensa-lx106-elf/lib\libc.a(lib_a-sysgettod.o)
 .bss           0x3fff4844        0x0 c:/espressif/xtensa-lx106-elf/bin/../lib/gcc/xtensa-lx106-elf/5.2.0/../../../../xtensa-lx106-elf/lib\libc.a(lib_a-impure.o)
 .bss           0x3fff4844        0x0 c:/Espressif/ESP8266_SDK/lib\libgcc.a(_modsi3.o)
 .bss           0x3fff4844        0x0 c:/Espressif/ESP8266_SDK/lib\libgcc.a(_ashrdi3.o)
 .bss           0x3fff4844        0x0 c:/Espressif/ESP8266_SDK/lib\libgcc.a(_mulsf3.o)
 .bss           0x3fff4844        0x0 c:/Espressif/ESP8266_SDK/lib\libgcc.a(_divsf3.o)
 .bss           0x3fff4844        0x0 c:/Espressif/ESP8266_SDK/lib\libgcc.a(_fixsfsi.o)
 *fill*         0x3fff4844        0x4 
 .bss           0x3fff4848        0x8 c:/Espressif/ESP8266_SDK/lib\libnet80211.a(ieee80211_crypto_tkip.o)
 .bss           0x3fff4850        0x0 c:/Espressif/ESP8266_SDK/lib\libnet80211.a(ieee80211_crypto_wep.o)
 *(.bss.*)
 *(.gnu.linkonce.b.*)
 *(COMMON)
                0x3fff4850                . = ALIGN (0x8)
                0x3fff4850                _bss_end = ABSOLUTE (.)
                0x3fff4850                _heap_start = ABSOLUTE (.)

.irom0.text     0x40210000    0x3cac4
                0x40210000                _irom0_text_start = ABSOLUTE (.)
 *libmbedtls.a:(.literal .text .literal.* .text.*)
 *(.irom0.literal .irom.literal .irom.text.literal .irom0.text .irom.text)
 .irom0.text    0x40210000      0xcf1 c:/Espressif/ESP8266_SDK/lib\libmain.a(app_main.o)
                                0xf3d (size before relaxing)
                0x402102d4                wdt_init
                0x4021037c                user_uart_wait_tx_fifo_empty
                0x40210638                system_phy_freq_trace_enable
                0x40210650                flash_data_check
 *fill*         0x40210cf1        0x3 
 .irom0.text    0x40210cf4      0x186 c:/Espressif/ESP8266_SDK/lib\libmain.a(ets_timer.o)
                                0x1b2 (size before relaxing)
                0x40210cfc                ets_timer_done
                0x40210d48                ets_timer_handler_isr
                0x40210e18                ets_timer_init
 *fill*         0x40210e7a        0x2 
 .irom0.text    0x40210e7c       0xf0 c:/Espressif/ESP8266_SDK/lib\libmain.a(mem_manager.o)
                                 0xf8 (size before relaxing)
                0x40210e7c                check_memleak_debug_enable
                0x40210eec                xPortGetFreeHeapSize
                0x40210ef4                vPortInitialiseBlocks
 .irom0.text    0x40210f6c        0xb c:/Espressif/ESP8266_SDK/lib\libmain.a(spi_flash.o)
                0x40210f70                spi_flash_set_read_func
 *fill*         0x40210f77        0x1 
 .irom0.text    0x40210f78     0x3d2d c:/Espressif/ESP8266_SDK/lib\libmain.a(user_interface.o)
                               0x48dd (size before relaxing)
                0x40210f7c                system_set_os_print
                0x40210f8c                system_get_os_print
                0x40211154                system_pp_recycle_rx_pkt
                0x40211170                system_adc_read
                0x402111b0                system_adc_read_fast
                0x40211210                system_get_vdd33
                0x4021123c                system_restart_hook
                0x40211254                system_restart_local
                0x40211334                system_restart
                0x40211394                system_restore
                0x402113fc                system_get_flash_size_map
                0x4021141c                system_get_boot_version
                0x40211454                system_get_test_result
                0x4021147c                system_get_userbin_addr
                0x40211514                system_get_boot_mode
                0x40211544                system_restart_enhance
                0x402116f0                system_upgrade_userbin_set
                0x4021173c                system_upgrade_userbin_check
                0x4021177c                system_upgrade_flag_set
                0x40211790                system_upgrade_flag_check
                0x402117b8                system_upgrade_reboot
                0x40211918                system_deep_sleep_instant
                0x40211ab0                system_deep_sleep
                0x40211b10                system_deep_sleep_set_option
                0x40211b2c                system_phy_temperature_alert
                0x40211b40                system_phy_set_max_tpw
                0x40211b54                system_phy_set_tpw_via_vdd33
                0x40211b68                system_phy_set_rfoption
                0x40211b7c                system_phy_set_powerup_option
                0x40211b94                system_update_cpu_freq
                0x40211bf0                system_get_cpu_freq
                0x40211c08                system_overclock
                0x40211c34                system_restoreclock
                0x40211c64                system_timer_reinit
                0x40211c7c                system_relative_time
                0x40211ca0                system_station_got_ip_set
                0x40211dcc                system_print_meminfo
                0x40211e2c                system_get_free_heap_size
                0x40211e40                system_get_chip_id
                0x40211e64                system_rtc_clock_cali_proc
                0x40211e78                system_get_rtc_time
                0x40211e8c                system_mktime
                0x40211f5c                system_init_done_cb
                0x40211f64                system_get_rst_info
                0x40211f6c                system_get_data_of_array_8
                0x40211f90                system_get_data_of_array_16
                0x40211fb8                system_get_string_from_flash
                0x40212024                wifi_softap_dhcps_start
                0x4021206c                wifi_softap_dhcps_stop
                0x402120ac                wifi_softap_dhcps_status
                0x402120b4                wifi_station_dhcpc_start
                0x4021210c                wifi_station_dhcpc_stop
                0x4021214c                wifi_station_dhcpc_event
                0x402121c0                wifi_station_dhcpc_set_maxtry
                0x402121d0                wifi_station_dhcpc_status
                0x40212250                wifi_get_opmode
                0x40212264                wifi_get_opmode_default
                0x402122e0                wifi_get_broadcast_if
                0x4021231c                wifi_set_broadcast_if
                0x40212498                wifi_set_opmode
                0x402124ac                wifi_set_opmode_current
                0x402124c0                system_get_checksum
                0x40212508                wifi_param_save_protect_with_check
                0x402125c8                system_param_save_with_protect
                0x4021267c                system_save_sys_param
                0x402126a8                system_param_load
                0x402127e4                wifi_station_get_config
                0x402127f8                wifi_station_get_config_default
                0x40212818                wifi_station_get_ap_info
                0x402128d0                wifi_station_ap_number_set
                0x40212d88                wifi_station_set_config
                0x40212da0                wifi_station_set_config_current
                0x40212db8                wifi_station_restore_config
                0x40212dd0                wifi_station_get_current_ap_id
                0x40212de4                wifi_station_ap_check
                0x40212e34                wifi_station_ap_change
                0x40212f4c                wifi_station_scan
                0x40212f98                wifi_station_get_auto_connect
                0x40212fb8                wifi_station_set_auto_connect
                0x40213070                wifi_station_save_pmk2cache
                0x402131a0                wifi_station_save_bssid
                0x40213240                wifi_station_connect
                0x402132d4                wifi_station_disconnect
                0x40213394                wifi_station_get_connect_status
                0x402133c4                wifi_station_set_reconnect_policy
                0x402133dc                wifi_station_get_reconnect_policy
                0x402133e4                wifi_station_get_rssi
                0x40213434                wifi_station_set_default_hostname
                0x4021349c                wifi_station_get_hostname
                0x402134cc                wifi_station_set_hostname
                0x4021356c                wifi_softap_cacl_mac
                0x402135dc                wifi_softap_set_default_ssid
                0x402137bc                wifi_softap_get_config
                0x402137d0                wifi_softap_get_config_default
                0x40213b0c                wifi_softap_set_config
                0x40213b20                wifi_softap_set_config_current
                0x40213b34                wifi_softap_set_station_info
                0x40213ba4                wifi_softap_get_station_info
                0x40213c50                wifi_softap_free_station_info
                0x40213c90                wifi_softap_get_station_num
                0x40213ce4                wifi_softap_deauth
                0x40213d94                wifi_softap_get_beacon_only_mode
                0x40213da8                wifi_softap_set_beacon_only_mode
                0x40213e0c                wifi_register_user_ie_manufacturer_recv_cb
                0x40213e20                wifi_unregister_user_ie_manufacturer_recv_cb
                0x40213e50                wifi_set_user_ie
                0x40213f60                wifi_get_user_ie
                0x40213f94                wifi_get_phy_mode
                0x40213fa8                wifi_set_phy_mode
                0x4021415c                wifi_check_regdomain_param
                0x402141e0                wifi_regdomain_need_update
                0x402142bc                wifi_set_regdomain
                0x402143f4                wifi_get_regdomain
                0x402144a4                wifi_set_sleep_type
                0x402144c4                wifi_enable_gpio_wakeup
                0x402144f0                wifi_disable_gpio_wakeup
                0x40214508                wifi_get_sleep_type
                0x40214520                wifi_get_channel
                0x40214538                wifi_set_channel
                0x40214590                wifi_promiscuous_set_mac
                0x402145f0                wifi_promiscuous_enable
                0x402146d4                wifi_set_promiscuous_rx_cb
                0x402146e4                wifi_get_ip_info
                0x40214764                wifi_set_ip_info
                0x402147d8                wifi_get_macaddr
                0x40214838                wifi_set_macaddr
                0x40214954                wifi_enable_6m_rate
                0x4021495c                wifi_get_user_fixed_rate
                0x4021497c                wifi_set_user_fixed_rate
                0x4021499c                wifi_set_user_sup_rate
                0x402149d8                wifi_set_user_rate_limit
                0x402149fc                wifi_get_user_limit_rate_mask
                0x40214a04                wifi_set_user_limit_rate_mask
                0x40214a1c                wifi_register_send_pkt_freedom_cb
                0x40214a30                wifi_unregister_send_pkt_freedom_cb
                0x40214a3c                wifi_send_pkt_freedom
                0x40214a88                wifi_rfid_locp_recv_open
                0x40214a9c                wifi_rfid_locp_recv_close
                0x40214ab0                wifi_register_rfid_locp_recv_cb
                0x40214ac4                wifi_unregister_rfid_locp_recv_cb
                0x40214adc                wifi_status_led_install
                0x40214b10                wifi_status_led_uninstall
                0x40214b34                wifi_set_status_led_output_level
                0x40214b88                wifi_set_event_handler_cb
                0x40214bd0                system_os_task
                0x40214c0c                system_uart_swap
                0x40214c6c                system_uart_de_swap
                0x40214ca0                system_get_sdk_version
 *fill*         0x40214ca5        0x3 
 .irom0.text    0x40214ca8      0x610 c:/Espressif/ESP8266_SDK/lib\libmain.a(eagle_lib.o)
                                0x620 (size before relaxing)
                0x40214cac                divide
                0x40214ce8                skip_atoi
                0x40214e68                ets_vsnprintf
                0x402151c8                ets_vsprintf
                0x402151ec                ets_sprintf
                0x40215214                ets_strcat
                0x40215234                ets_strrchr
                0x40215260                ets_strchr
                0x40215278                bit_popcount
                0x40215294                ets_snprintf
 .irom0.text    0x402152b8      0x31e c:/Espressif/ESP8266_SDK/lib\libmain.a(eagle_lwip_if.o)
                                0x3e6 (size before relaxing)
                0x40215370                eagle_lwip_if_alloc
                0x40215530                eagle_lwip_if_free
                0x402155b4                eagle_lwip_getif
 *fill*         0x402155d6        0x2 
 .irom0.text    0x402155d8       0x23 build/app_app.a(user_main.o)
                                 0x2b (size before relaxing)
                0x402155dc                user_rf_cal_sector_set
 *fill*         0x402155fb        0x1 
 .irom0.text    0x402155fc      0x6d3 build/app_app.a(wifi_connector.o)
                                0x897 (size before relaxing)
                0x40215624                TcpDisconnectCallback
                0x402156cc                TcpReconnectCallback
                0x40215784                TcpConnectCallback
                0x40215800                TcpSentCallback
                0x40215884                TcpKeepAliveTimerCallback
                0x402158bc                UdpReceiveCallback
                0x40215968                user_check_sntp_stamp
                0x402159c0                TcpPingerTimerCallback
                0x40215a14                TcpReceiveCallback
                0x40215b54                TcpConnect
                0x40215cc0                TcpReconnectTimerCallback
 *fill*         0x40215ccf        0x1 
 .irom0.text    0x40215cd0      0x1ea build/app_app.a(uart.o)
                                0x202 (size before relaxing)
                0x40215e84                uart_init
 *fill*         0x40215eba        0x2 
 .irom0.text    0x40215ebc      0x65e build/app_app.a(uartproto.o)
                                0x6de (size before relaxing)
                0x40215f0c                UartProcessFullPacket()
                0x40216360                UartProcessByte(unsigned char)
                0x40216498                UartProcessFifoTask
                0x402164e4                uart0_tx_buffer(unsigned char*, unsigned short)
 *fill*         0x4021651a        0x2 
 .irom0.text    0x4021651c       0xfa c:/Espressif/ESP8266_SDK/lib\libphy.a(phy.o)
                                0x11e (size before relaxing)
                0x40216520                rf_init
                0x4021653c                bb_init
                0x40216554                phy_init
                0x40216584                RFChannelSel
                0x402165a0                phy_delete_channel
                0x402165b8                phy_enable_agc
                0x402165d0                phy_disable_agc
                0x402165e8                phy_initialize_bb
                0x40216600                phy_set_sense
 *fill*         0x40216616        0x2 
 .irom0.text    0x40216618     0x177b c:/Espressif/ESP8266_SDK/lib\libphy.a(phy_chip_v6_ana.o)
                               0x197f (size before relaxing)
                0x4021661c                ram_pbus_set_rxgain
                0x402166f4                ram_pbus_debugmode
                0x402167a8                ram_pbus_xpd_tx_on
                0x40216814                set_rf_freq_offset
                0x40216884                chip_v6_rxmax_ext_ana
                0x402169d8                ram_chip_v6_rx_init
                0x40216a0c                tsen_meas
                0x40216abc                readvdd33
                0x40216c88                txpwr_offset
                0x40216d44                set_txcap_reg
                0x40216dc4                ram_ana_inf_gating_en
                0x40216f24                ram_restart_cal
                0x40216f90                wait_rfpll_cal_end
                0x40217028                ram_rfpll_set_freq
                0x40217130                ram_set_channel_freq
                0x4021742c                chip_60_set_channel
                0x402175cc                chip_v6_set_chan_offset
                0x4021762c                chip_v6_set_chan
                0x402176dc                chip_v6_set_chan_wakeup
                0x40217760                chip_v6_rf_init
                0x402179c4                low_power_set
                0x40217a14                test_tout
                0x40217b8c                check_data_flag
                0x40217bac                phy_get_check_flag
                0x40217ce0                phy_get_vdd33
 *fill*         0x40217d93        0x1 
 .irom0.text    0x40217d94     0x3e5c c:/Espressif/ESP8266_SDK/lib\libphy.a(phy_chip_v6.o)
                               0x44fc (size before relaxing)
                0x40217d94                ram_tx_mac_enable
                0x40217d98                ram_tx_mac_disable
                0x40217d9c                rtc_mem_backup
                0x40217dcc                rtc_mem_recovery
                0x40217dfc                set_cal_rxdc
                0x40217eb0                set_rx_gain_cal_iq
                0x4021820c                gen_rx_gain_table
                0x40218364                pbus_set_rxbbgain
                0x402183e4                set_rx_gain_testchip_50
                0x40218718                ram_get_corr_power
                0x40218808                check_data_func
                0x40218828                do_noisefloor_lsleep_v50
                0x4021885c                do_noisefloor
                0x402188cc                start_dig_rx
                0x40218910                stop_dig_rx
                0x4021893c                chip_v6_set_chanfreq
                0x4021896c                tx_cap_init
                0x40218b94                target_power_add_backoff
                0x40218bc0                tx_pwctrl_init_cal
                0x40218d60                tx_atten_set_interp
                0x40218fc0                check_tx_pwr_cal
                0x40219104                tx_pwctrl_init
                0x40219228                ram_get_noisefloor
                0x40219244                get_noisefloor_sat
                0x40219274                ram_set_noise_floor
                0x402192d0                ram_start_noisefloor
                0x4021931c                read_hw_noisefloor
                0x40219348                noise_check_loop
                0x402194a4                noise_init
                0x402196a4                target_power_backoff
                0x402196f8                sdt_on_noise_start
                0x40219778                chip_v6_set_chan_rx_cmp
                0x40219904                chip_v6_set_chan_misc
                0x40219998                phy_dig_spur_set
                0x40219cf0                phy_dig_spur_prot
                0x40219f28                chip_v6_rxmax_ext_dig
                0x40219f74                chip_v6_rxmax_ext
                0x4021a020                phy_bb_rx_cfg
                0x4021a438                uart_wait_idle
                0x4021a470                phy_pbus_soc_cfg
                0x4021a528                phy_gpio_cfg
                0x4021a740                tx_cont_en
                0x4021a7e8                tx_cont_dis
                0x4021a83c                tx_cont_cfg
                0x4021a860                chip_v6_initialize_bb
                0x4021a9c4                periodic_cal
                0x4021a9fc                bbpll_cal
                0x4021aaa4                periodic_cal_top
                0x4021ab08                register_chipv6_phy_init_param
                0x4021adb0                change_bbpll160_sleep
                0x4021af60                change_bbpll160
                0x4021af98                set_crystal_uart
                0x4021b02c                ant_switch_init
                0x4021b0dc                reduce_current_init
                0x4021b1c8                rtc_mem_check
                0x4021b204                phy_afterwake_set_rfoption
                0x4021b220                deep_sleep_set_option
                0x4021b24c                write_data_to_rtc
                0x4021b284                get_data_from_rtc
                0x4021b308                register_chipv6_phy
                0x4021b7a0                set_dpd_bypass
                0x4021b7c8                set_rf_gain_stage10
                0x4021b7f8                get_vdd33_offset
                0x4021b86c                get_phy_target_power
                0x4021b91c                set_most_pwr_reg
                0x4021b9f0                phy_set_most_tpw
                0x4021ba10                phy_vdd33_set_tpw
                0x4021ba28                get_adc_rand
                0x4021ba5c                phy_get_rand
                0x4021ba78                phy_tx_pwctrl_cali
                0x4021baa0                phy_check_data_table
                0x4021badc                phy_after_init_enrx
                0x4021bb40                phy_set_rx11b_reg
                0x4021bb74                phy_set_powerup_option
                0x4021bb84                phy_get_txpwr_param
                0x4021bbd0                phy_get_rxnf_param
                0x4021bbdc                phy_get_freq_param
 .irom0.text    0x4021bbf0     0x21a8 c:/Espressif/ESP8266_SDK/lib\libphy.a(phy_chip_v6_cal.o)
                               0x23d4 (size before relaxing)
                0x4021bbf0                txbbgain2dcoindex
                0x4021bc10                dcoindex2txbbgain
                0x4021bc34                init_cal_dcoffset
                0x4021bcf8                set_rfanagain_dc_reg
                0x4021bd94                set_txdc_pbus
                0x4021be00                get_rf_gain_qdb
                0x4021be28                correct_rf_ana_gain
                0x4021bf30                get_sar_dout
                0x4021bfc0                cal_rf_ana_gain
                0x4021c0d8                meas_tone_pwr_db
                0x4021c148                tx_pwr_backoff
                0x4021c2fc                get_fcc_1m2m_pwr_offset
                0x4021c338                ram_set_txbb_atten
                0x4021c3cc                txiq_get_mis_pwr
                0x4021c474                txiq_cover
                0x4021c690                ram_rfcal_txiq
                0x4021c900                rc_cal
                0x4021cac0                get_target_power_offset
                0x4021cbc8                get_pwctrl_correct
                0x4021cc20                tx_pwctrl_cal
                0x4021cf1c                tx_pwctrl_bg_init
                0x4021cf94                tx_pwctrl_background
                0x4021d04c                read_sar_dout
                0x4021d0b0                ram_get_fm_sar_dout
                0x4021d154                ram_cal_tos_v60
                0x4021d324                ram_get_bb_atten
                0x4021d354                ram_rfcal_txcap
                0x4021d518                ram_rfcal_pwrctrl
                0x4021d754                ram_rxiq_get_mis
                0x4021d924                ram_rxiq_cover_mg_mp
                0x4021dac8                ram_rfcal_rxiq
                0x4021dcd4                dpd_scale_set
                0x4021dd1c                dpd_mem_write
 .irom0.text    0x4021dd98      0xc8a c:/Espressif/ESP8266_SDK/lib\libphy.a(phy_sleep.o)
                                0xe9a (size before relaxing)
                0x4021dd98                pm_usec2rtc
                0x4021ddcc                pm_rtc2usec
                0x4021ddd8                pm_set_sleep_cycles
                0x4021de00                pm_sleep_opt
                0x4021df54                pm_wakeup_opt
                0x4021df8c                get_chip_version
                0x4021dfcc                pm_sleep_opt_bb_off
                0x4021e018                pm_sleep_opt_bb_on
                0x4021e06c                pm_set_pll_xtal_wait_time
                0x4021e098                pm_prepare_to_sleep
                0x4021e0a0                pm_sdio_nidle
                0x4021e114                chg_lslp_mem_opt_8266
                0x4021e134                pm_wait4wakeup
                0x4021e170                pm_open_rf
                0x4021e1b4                pm_sleep_set_mac
                0x4021e238                pm_set_wakeup_mac
                0x4021e2d0                pm_check_mac_idle
                0x4021e328                pm_set_sleep_btco
                0x4021e3c8                pm_set_wakeup_btco
                0x4021e4e0                pm_set_sleep_mode
                0x4021e600                pm_unmask_bt
                0x4021e66c                pm_wakeup_init
                0x4021e8c8                sleep_opt_8266
                0x4021e8e8                sleep_opt_bb_on_8266
                0x4021e920                sleep_reset_analog_rtcreg_8266
 *fill*         0x4021ea22        0x2 
 .irom0.text    0x4021ea24      0x48d c:/Espressif/ESP8266_SDK/lib\libpp.a(if_hwctrl.o)
                                0x5bd (size before relaxing)
                0x4021ea44                ic_get_addr
                0x4021ea50                ic_set_opmode
                0x4021ea64                ic_enable_interface
                0x4021eab4                ic_interface_enabled
                0x4021eac8                ic_disable_interface
                0x4021eb10                ic_is_pure_sta
                0x4021eb2c                ic_get_ptk_alg
                0x4021eb3c                ic_get_gtk_alg
                0x4021eb4c                ic_set_ptk_alg
                0x4021eb5c                ic_set_gtk_alg
                0x4021eb6c                ic_interface_is_p2p
                0x4021ec04                ic_set_vif
                0x4021ecc0                ic_set_sta
                0x4021edc0                ic_bss_info_update
                0x4021ee1c                ic_set_key
                0x4021ee78                ic_remove_key
                0x4021ee8c                ic_get_rssi
 *fill*         0x4021eeb1        0x3 
 .irom0.text    0x4021eeb4      0x100 c:/Espressif/ESP8266_SDK/lib\libpp.a(lmac.o)
                                0x118 (size before relaxing)
                0x4021eeb8                lmacInitAc
                0x4021eeec                lmacInit
                0x4021ef98                lmacSetRetryLimit
 .irom0.text    0x4021efb4     0x1a99 c:/Espressif/ESP8266_SDK/lib\libpp.a(pm.o)
                               0x2045 (size before relaxing)
                0x4021efb8                pm_set_gpio_wakeup_pin
                0x4021eff0                pm_clear_gpio_wakeup_pin
                0x4021f000                pm_is_gpio_int_trig
                0x4021f014                pm_rtc_clock_cali_proc
                0x4021f04c                pm_get_ck170_period
                0x4021f070                pm_set_sleep_time
                0x4021f3e4                pm_rf_is_closed
                0x4021f410                pm_set_sleep_type_from_upper
                0x4021f500                pm_get_sleep_type
                0x4021f6bc                uart_tx_flush
                0x4021f6c0                pm_suspend
                0x4021f8e4                pm_shutdown
                0x4021f9c4                pm_reset_idle_sleep
                0x4021fa04                pm_idle_sleep
                0x4021fa14                pm_open
                0x4021fb18                pm_onBcnRx
                0x4021feac                StopLightSleepSetFunc
                0x4021feb4                LightSleepWakedCbSetFunc
                0x40220484                pm_enable_gpio_wakeup
                0x402204c0                pm_attach
                0x402205b8                pm_send_nullfunc
                0x4022075c                pm_is_waked
                0x40220774                pm_is_open
                0x4022078c                pm_scan_lock
                0x402207b4                pm_try_scan_unlock
                0x402207cc                pm_force_scan_unlock
                0x40220870                pm_scan_unlocked
                0x40220884                pm_allow_tx
                0x402208a0                pm_assoc_parse
                0x402208b8                pm_set_addr
                0x402208d8                pm_sleep_for
                0x40220908                pm_post
                0x40220a0c                pm_get_idle_wait_time
 *fill*         0x40220a4d        0x3 
 .irom0.text    0x40220a50      0xb38 c:/Espressif/ESP8266_SDK/lib\libpp.a(pm_for_bcn_only_mode.o)
                                0xee4 (size before relaxing)
                0x40220a64                wifi_fpm_set_sleep_type
                0x40220a64                fpm_set_type_from_upper
                0x40220b20                fpm_get_slp_type
                0x40220b20                wifi_fpm_get_sleep_type
                0x40220b28                fpm_rf_is_closed
                0x40220b3c                fpm_is_open
                0x40220b48                fpm_allow_tx
                0x40220b70                fpm_close
                0x40220b70                wifi_fpm_close
                0x40220c00                wifi_fpm_open
                0x40220c00                fpm_open
                0x40220c84                fpm_attach
                0x40220e34                wifi_fpm_set_wakeup_cb
                0x40220e34                fpm_set_wakeup_cb
                0x40220f70                fpm_do_wakeup
                0x40220f70                wifi_fpm_do_wakeup
                0x402214a0                fpm_do_sleep
                0x402214a0                wifi_fpm_do_sleep
                0x40221540                fpm_auto_sleep_set_in_null_mode
                0x40221540                wifi_fpm_auto_sleep_set_in_null_mode
                0x40221580                get_fpm_auto_sleep_flag
 .irom0.text    0x40221588     0x15be c:/Espressif/ESP8266_SDK/lib\libpp.a(pp.o)
                               0x19a2 (size before relaxing)
                0x40221594                PPWdtReset
                0x402215c8                pp_soft_wdt_init
                0x402215e8                system_soft_wdt_feed
                0x402215e8                pp_soft_wdt_feed
                0x40221604                system_soft_wdt_stop
                0x40221604                pp_soft_wdt_stop
                0x40221630                system_soft_wdt_restart
                0x40221630                pp_soft_wdt_restart
                0x40221668                RxNodeNum
                0x40221680                TxNodeNum
                0x402216a4                pp_disable_noise_timer
                0x402216c4                pp_enable_noise_timer
                0x402217d4                pp_noise_test
                0x402217e4                reset_noise_timer
                0x4022181c                pp_disable_idle_timer
                0x40221840                pp_enable_idle_timer
                0x40221868                pp_try_enable_idle_timer
                0x402218a4                ppPeocessRxPktHdr
                0x40221bd8                HdlAllBuffedEb
                0x40221c60                ppTxPkt
                0x40221dd8                ppProcessWaitQ
                0x40221de8                ppRegisterTxCallback
                0x40221e10                ppUnregisterTxCallback
                0x40221e44                ppRecycleRxPkt
                0x40221ea4                ppCheckTxIdle
                0x40222120                pp_tx_idle_timeout
                0x402222e4                DefFreqCalTimerCB
                0x40222660                ppGetTxQFirstAvail_Locked
                0x40222740                pp_attach
 *fill*         0x40222b46        0x2 
 .irom0.text    0x40222b48      0x296 c:/Espressif/ESP8266_SDK/lib\libpp.a(rate_control.o)
                                0x2a2 (size before relaxing)
                0x40222d94                RC_SetBasicRate
 *fill*         0x40222dde        0x2 
 .irom0.text    0x40222de0      0x5e9 c:/Espressif/ESP8266_SDK/lib\libpp.a(trc.o)
                                0x64d (size before relaxing)
                0x40222de0                phytype2mode
                0x40222dfc                rc_set_rate_limit_id
                0x40222f18                rcUpdatePhyMode
                0x402230e4                rcAttach
                0x40223130                rcGetTrc
                0x40223138                trc_onDisconnect
                0x4022313c                trc_onScanStart
                0x40223150                trc_onScanDone
                0x4022316c                rc_enable_trc
                0x40223244                rc_get_mask
                0x40223258                rc_disable_trc
                0x402232ac                rc_disable_trc_by_interface
                0x402232c8                rc_get_sta_trc
                0x4022330c                rc_get_trc
                0x4022337c                rc_get_trc_by_index
                0x4022339c                rc_only_sta_trc
 *fill*         0x402233c9        0x3 
 .irom0.text    0x402233cc      0xbcb c:/Espressif/ESP8266_SDK/lib\libpp.a(wdev.o)
                                0xd43 (size before relaxing)
                0x402233d8                wDev_Option_Init
                0x402234cc                wDev_Enable_Beacon_Tsf
                0x402234e8                wDev_Disable_Beacon_Tsf
                0x40223504                wDev_Set_Beacon_Int
                0x4022350c                wDev_Reset_TBTT
                0x4022353c                wDev_Get_Next_TBTT
                0x402237b8                wDev_Initialize
                0x40223828                wDevForceAck6M
                0x40223844                wDev_SetMacAddress
                0x402238e0                wDev_SetRxPolicy
                0x40223934                wDev_EnableUcRx
                0x40223960                wDev_DisableUcRx
                0x4022398c                wDev_SetBssid
                0x40223a64                wDev_ClearBssid
                0x40223a98                wDev_Is_Mac_Key_Exist
                0x40223b24                wDev_Insert_KeyEntry
                0x40223c14                wDev_remove_KeyEntry
                0x40223c50                wDev_remove_KeyEntry_all_cnx
                0x40223c98                wDev_Crypto_Conf
                0x40223d34                wDev_Crypto_Disable
                0x40223d6c                wDevEnableRx
                0x40223d94                wdev_go_sniffer
                0x40223e70                wdev_set_sniffer_addr
                0x40223ec8                wdev_exit_sniffer
 *fill*         0x40223f97        0x1 
 .irom0.text    0x40223f98      0x3ed c:/Espressif/ESP8266_SDK/lib\libpp.a(esf_buf.o)
                                0x4c1 (size before relaxing)
                0x40223fa0                esf_buf_alloc
                0x40224188                esf_buf_recycle
                0x402242c8                esf_buf_setup
 *fill*         0x40224385        0x3 
 .irom0.text    0x40224388      0x479 c:/Espressif/ESP8266_SDK/lib\libnet80211.a(ieee80211.o)
                                0x545 (size before relaxing)
                0x4022440c                ieee80211_rate_ref_init
                0x40224424                ieee80211_freedom_inside_cb
                0x40224454                ieee80211_freedom_init
                0x40224478                ieee80211_user_ie_init
                0x40224494                ieee80211_ifattach
                0x402244f8                ieee80211_mhz2ieee
                0x40224554                ieee80211_chan2ieee
                0x40224570                ieee80211_ieee2mhz
                0x402245b0                ieee80211_find_channel
                0x402245dc                ieee80211_find_channel_byieee
                0x4022462c                wifi_mode_set
 *fill*         0x40224801        0x3 
 .irom0.text    0x40224804       0xcf c:/Espressif/ESP8266_SDK/lib\libnet80211.a(ieee80211_crypto.o)
                                 0xd7 (size before relaxing)
                0x40224804                ieee80211_crypto_attach
                0x40224808                ieee80211_crypto_available
                0x4022480c                ieee80211_crypto_setkey
                0x40224810                ieee80211_crypto_encap
                0x40224868                ieee80211_crypto_decap
 *fill*         0x402248d3        0x1 
 .irom0.text    0x402248d4       0x4c c:/Espressif/ESP8266_SDK/lib\libnet80211.a(ieee80211_ets.o)
                                 0x50 (size before relaxing)
                0x402248d8                ieee80211_getmgtframe
 .irom0.text    0x40224920     0x19f8 c:/Espressif/ESP8266_SDK/lib\libnet80211.a(ieee80211_hostap.o)
                               0x1f3b (size before relaxing)
                0x40224f64                ieee80211_hostap_attach
                0x40225060                hostap_handle_timer
                0x402250f8                hostap_input
                0x40225ff8                wifi_softap_start
                0x4022617c                wifi_softap_stop
 *fill*         0x40226318        0x0 
 .irom0.text    0x40226318      0xa5e c:/Espressif/ESP8266_SDK/lib\libnet80211.a(ieee80211_ht.o)
                                0xb36 (size before relaxing)
                0x40226328                ieee80211_ht_attach
                0x40226378                ieee80211_ht_node_init
                0x402263b8                ieee80211_ht_node_cleanup
                0x402263f0                ieee80211_parse_htcap
                0x402264d0                ieee80211_ht_updateparams
                0x402265e0                ieee80211_setup_htrates
                0x402266ac                ieee80211_setup_basic_htrates
                0x402269e4                ieee80211_add_htcap
                0x40226a00                ieee80211_add_htcap_vendor
                0x40226b20                ieee80211_add_htinfo
                0x40226b3c                ieee80211_add_htinfo_vendor
 *fill*         0x40226d76        0x2 
 .irom0.text    0x40226d78      0xae0 c:/Espressif/ESP8266_SDK/lib\libnet80211.a(ieee80211_input.o)
                                0xb70 (size before relaxing)
                0x40226d78                ieee80211_deliver_data
                0x40226dcc                ieee80211_decap
                0x40226ed0                ieee80211_setup_rates
                0x40226f40                ieee80211_alloc_challenge
                0x40226f80                ieee80211_parse_beacon
                0x402275a4                ieee80211_parse_wpa
                0x402276b8                ieee80211_parse_rsn
                0x402277b8                ieee80211_parse_action
                0x40227854                ieee80211_setup_rateset
 .irom0.text    0x40227858      0x2a6 c:/Espressif/ESP8266_SDK/lib\libnet80211.a(ieee80211_mesh_quick.o)
                                0x302 (size before relaxing)
                0x40227864                ieee80211_mesh_quick_init
                0x402278d4                ieee80211_mesh_quick_deinit
                0x40227904                ieee80211_mesh_quick_set
                0x40227a00                ieee80211_mesh_quick_get
                0x40227acc                ieee80211_mesh_quick_ie_add
 *fill*         0x40227afe        0x2 
 .irom0.text    0x40227b00     0x1e44 c:/Espressif/ESP8266_SDK/lib\libnet80211.a(ieee80211_output.o)
                               0x220c (size before relaxing)
                0x40227b04                ieee80211_output_pbuf
                0x40227d74                ieee80211_send_setup
                0x40227ea8                ieee80211_mgmt_output
                0x40227f90                ieee80211_tx_mgt_cb
                0x40227f94                ieee80211_send_nulldata
                0x40228404                ieee80211_add_rates
                0x40228454                ieee80211_add_xrates
                0x40228584                ieee80211_send_probereq
                0x402287f4                ieee80211_getcapinfo
                0x40228850                ieee80211_send_mgmt
                0x40228dfc                ieee80211_alloc_proberesp
                0x40229064                ieee80211_send_proberesp
                0x402291ac                ieee80211_alloc_deauth
                0x402291ec                ieee80211_send_deauth
                0x40229328                ieee80211_freedom_output
                0x40229768                ieee80211_beacon_alloc
 .irom0.text    0x40229944       0xe0 c:/Espressif/ESP8266_SDK/lib\libnet80211.a(ieee80211_phy.o)
                                0x108 (size before relaxing)
                0x40229944                ieee80211_phy_init
                0x40229978                ieee80211_phy_type_get
                0x40229994                ieee80211_setup_ratetable
 .irom0.text    0x40229a24      0x1b6 c:/Espressif/ESP8266_SDK/lib\libnet80211.a(ieee80211_power.o)
                                0x1f2 (size before relaxing)
                0x40229a24                ieee80211_psq_init
                0x40229a44                ieee80211_psq_cleanup
                0x40229a4c                ieee80211_set_tim
                0x40229a8c                ieee80211_pwrsave
                0x40229af4                pwrsave_flushq
                0x40229ba4                ieee80211_node_pwrsave
 *fill*         0x40229bda        0x2 
 .irom0.text    0x40229bdc      0x121 c:/Espressif/ESP8266_SDK/lib\libnet80211.a(ieee80211_proto.o)
                                0x159 (size before relaxing)
                0x40229be0                ieee80211_proto_attach
                0x40229c08                ieee80211_set_shortslottime
                0x40229c24                ieee80211_iserp_rateset
                0x40229c58                ieee80211_wme_initparams
                0x40229c5c                ieee80211_wme_updateparams
                0x40229c64                ieee80211_mlme_connect_bss
 *fill*         0x40229cfd        0x3 
 .irom0.text    0x40229d00      0x1bc c:/Espressif/ESP8266_SDK/lib\libnet80211.a(ieee80211_regdomain.o)
                                0x1dc (size before relaxing)
                0x40229d00                ieee80211_regdomain_attach
                0x40229d08                ieee80211_regdomain_detach
                0x40229d30                ieee80211_alloc_countryie
                0x40229dd0                ieee80211_chan_in_regdomain
                0x40229e14                ieee80211_update_regdomain
 .irom0.text    0x40229ebc       0xaa c:/Espressif/ESP8266_SDK/lib\libnet80211.a(ieee80211_rfid.o)
                                 0xd6 (size before relaxing)
                0x40229ebc                ieee80211_rfid_locp_recv_open
                0x40229ef4                ieee80211_rfid_locp_recv_close
                0x40229f0c                ieee80211_rfid_locp_recv_reset
                0x40229f2c                ieee80211_rfid_locp_recv
                0x40229f48                register_ieee80211_rfid_locp_recv_cb
                0x40229f5c                unregister_ieee80211_rfid_locp_recv_cb
 *fill*         0x40229f66        0x2 
 .irom0.text    0x40229f68      0xf4d c:/Espressif/ESP8266_SDK/lib\libnet80211.a(ieee80211_scan.o)
                               0x129d (size before relaxing)
                0x40229f74                ieee80211_scan_attach
                0x4022a008                scan_start
                0x4022a1c8                scan_pm_channel_op_cb
                0x4022a368                scan_cancel
                0x4022a4c4                scan_add_bssid
                0x4022a4e8                scan_remove_bssid
                0x4022a4f4                scan_hidden_ssid
                0x4022a4fc                scan_add_probe_ssid
                0x4022a550                scan_remove_probe_ssid
                0x4022a68c                scan_clear_channles
                0x4022a700                scan_set_desChan
                0x4022a70c                scan_get_type
                0x4022a714                cannel_scan_connect_state
                0x4022a72c                scan_connect_state
                0x4022a774                scan_check_hidden
                0x4022a7a0                scan_profile_check
                0x4022ab44                scan_parse_beacon
 *fill*         0x4022aeb5        0x3 
 .irom0.text    0x4022aeb8     0x10f9 c:/Espressif/ESP8266_SDK/lib\libnet80211.a(ieee80211_sta.o)
                               0x139d (size before relaxing)
                0x4022af14                sta_status_set
                0x4022af80                ieee80211_sta_new_state
                0x4022b310                sta_input
                0x4022b85c                ieee80211_parse_wmeparams
                0x4022befc                wifi_station_start
                0x4022bf70                wifi_station_stop
 *fill*         0x4022bfb1        0x3 
 .irom0.text    0x4022bfb4      0x2aa c:/Espressif/ESP8266_SDK/lib\libnet80211.a(wl_chm.o)
                                0x32e (size before relaxing)
                0x4022bfc0                chm_init
                0x4022c030                chm_acquire_lock
                0x4022c074                chm_release_lock
                0x4022c088                chm_start_op
                0x4022c12c                chm_end_op
                0x4022c174                chm_cancel_op